Microchip MPLAB XC8 Compiler V2.32

Linker command line:

-W-3 --edf=C:\Program Files\Microchip\xc8\v2.32\pic\dat\en_msgs.txt -cn \
  -h+dist/default/production\VEML6030MK1v3.0.X.production.sym \
  --cmf=dist/default/production\VEML6030MK1v3.0.X.production.cmf -z \
  -Q18F46K20 -oC:\Users\Torben\AppData\Local\Temp\xcAs1bpo.4 \
  --defsym=__MPLAB_BUILD=1 \
  -Mdist/default/production/VEML6030MK1v3.0.X.production.map -E1 \
  -ver=XC8 Compiler --acfsm=1493 -ASTACK=015Ah-0F5Fh -pstack=STACK \
  -ACODE=00h-0FFFFh -ACONST=00h-0FFFFh -ASMALLCONST=01000h-010FFhx240 \
  -AMEDIUMCONST=01000h-0FFFFh -ACOMRAM=01h-05Fh -AABS1=00h-0F5Fh \
  -ABIGRAM=01h-0F5Fh -ARAM=060h-0FFh,0100h-01FFhx14,0F00h-0F5Fh \
  -ABANK0=060h-0FFh -ABANK1=0100h-01FFh -ABANK2=0200h-02FFh \
  -ABANK3=0300h-03FFh -ABANK4=0400h-04FFh -ABANK5=0500h-05FFh \
  -ABANK6=0600h-06FFh -ABANK7=0700h-07FFh -ABANK8=0800h-08FFh \
  -ABANK9=0900h-09FFh -ABANK10=0A00h-0AFFh -ABANK11=0B00h-0BFFh \
  -ABANK12=0C00h-0CFFh -ABANK13=0D00h-0DFFh -ABANK14=0E00h-0EFFh \
  -ABANK15=0F00h-0F5Fh -ASFR=0F60h-0FFFh -ACONFIG=0300000h-030000Dh \
  -AIDLOC=0200000h-0200007h -AEEDATA=0F00000h-0F003FFh -peeprom_data=EEDATA \
  -preset_vec=00h,intcode=08h,intcodelo,powerup,init -pramtop=01000h \
  -psmallconst=SMALLCONST -pmediumconst=MEDIUMCONST -pconst=CONST \
  -AFARRAM=00h-00h \
  -prdata=COMRAM,nvrram=COMRAM,nvbit=COMRAM,rbss=COMRAM,rbit=COMRAM \
  -pfarbss=FARRAM,fardata=FARRAM,nvFARRAM=FARRAM \
  -pintsave_regs=BIGRAM,bigbss=BIGRAM,bigdata=BIGRAM -pbss=RAM \
  -pidata=CODE,irdata=CODE,ibigdata=CODE,ifardata=CODE -prparam=COMRAM \
  C:\Users\Torben\AppData\Local\Temp\xcAs1bpo.o \
  dist/default/production\VEML6030MK1v3.0.X.production.o 

Object code version is 3.11

Machine type is 18F46K20



                Name                               Link     Load   Length Selector   Space Scale
C:\Users\Torben\AppData\Local\Temp\xcAs1bpo.o
                idloc                            200000   200000        8        0       5
                config                           300000   300000        E        0       4
                init                                 B0       B0        4        4       0
                reset_vec                             0        0        4        0       0
dist/default/production\VEML6030MK1v3.0.X.production.o
                intcode                               8        8       A8        4       0
                idloc                            200000   200000        8        0       5
                config                           300000   300000        E        0       4
                temp                                 5B       5B        1        1       1
                smallconst                         1000     1000       4E      800       0
                text101                            46C8     46C8       2A      827       0
                text100                            4900     4900        6      827       0
                text99                             4936     4936        2      827       0
                text98                             48FA     48FA        6      827       0
                text97                             39AA     39AA       C0      827       0
                text96                             4406     4406       42      827       0
                text94                             489C     489C        A      827       0
                text93                             4892     4892        A      827       0
                text92                             4888     4888        A      827       0
                text91                             487E     487E        A      827       0
                text90                             4874     4874        A      827       0
                text89                             3F0A     3F0A       76      827       0
                text88                             47F8     47F8       14      827       0
                text87                             4932     4932        4      827       0
                text86                             486A     486A        A      827       0
                text85                             4566     4566       30      827       0
                text84                             47CE     47CE       16      827       0
                text83                             492E     492E        4      827       0
                text82                             492A     492A        4      827       0
                text81                             4926     4926        4      827       0
                text80                             4672     4672       2C      827       0
                text79                             4922     4922        4      827       0
                text78                             491E     491E        4      827       0
                text77                             491A     491A        4      827       0
                text76                             4718     4718       24      827       0
                text75                             3E90     3E90       7A      827       0
                text74                             47B6     47B6       18      827       0
                text73                             4646     4646       2C      827       0
                text72                             461A     461A       2C      827       0
                text71                             45EE     45EE       2C      827       0
                text70                             45C2     45C2       2C      827       0
                text69                             4448     4448       40      827       0
                text68                             4916     4916        4      827       0
                text67                             4912     4912        4      827       0
                text66                             490E     490E        4      827       0
                text65                             48F4     48F4        6      827       0
                text64                             490A     490A        4      827       0
                text63                             48EE     48EE        6      827       0
                text62                             48E6     48E6        8      827       0
                text61                             47E4     47E4       14      827       0
                text60                             4906     4906        4      827       0
                text59                             3E14     3E14       7C      827       0
                text58                             4854     4854        C      827       0
                text57                             482C     482C       10      827       0
                text56                             481C     481C       10      827       0
                text55                             38E6     38E6       C4      827       0
                text54                             3BC4     3BC4       A6      827       0
                text53                             4848     4848        C      827       0
                text52                             48DE     48DE        8      827       0
                text51                             48D6     48D6        8      827       0
                text50                             48CE     48CE        8      827       0
                text49                             48C6     48C6        8      827       0
                text48                             48BE     48BE        8      827       0
                text47                             48B6     48B6        8      827       0
                text46                             48AE     48AE        8      827       0
                text45                             483C     483C        C      827       0
                text44                             405E     405E       66      827       0
                text43                             3F80     3F80       70      827       0
                text42                             480C     480C       10      827       0
                text41                             4780     4780       1E      827       0
                text40                             43C2     43C2       44      827       0
                text39                             48A6     48A6        8      827       0
                text38                             475E     475E       22      827       0
                text37                             3D00     3D00       8E      827       0
                text36                             479E     479E       18      827       0
                text35                             3D8E     3D8E       86      827       0
                text34                             302A     302A      1B4      827       0
                text33                             4338     4338       46      827       0
                text32                             3FF0     3FF0       6E      827       0
                text31                             473C     473C       22      827       0
                text30                             46F2     46F2       26      827       0
                text29                             44F8     44F8       38      827       0
                text28                             42A0     42A0       52      827       0
                text27                             31DE     31DE      19A      827       0
                text26                             3822     3822       C4      827       0
                text25                             3A6A     3A6A       B0      827       0
                text24                             2A7E     2A7E      39A      827       0
                text23                             3B1A     3B1A       AA      827       0
                text22                             347E     347E      104      827       0
                text21                             2654     2654      42A      827       0
                text20                             44C0     44C0       38      827       0
                text19                             1CF4     1CF4      4C0      827       0
                text18                             42F2     42F2       46      827       0
                text17                             3378     3378      106      827       0
                text16                             3582     3582       FE      827       0
                text15                             2E18     2E18      212      827       0
                text14                             4248     4248       58      827       0
                text13                             4860     4860        A      827       0
                text12                             3C6A     3C6A       96      827       0
                text11                             437E     437E       44      827       0
                text10                             4530     4530       36      827       0
                text9                              375C     375C       C6      827       0
                text8                              41EA     41EA       5E      827       0
                text7                              4488     4488       38      827       0
                text6                              418A     418A       60      827       0
                text5                              104E     104E      CA6      827       0
                text4                              3680     3680       DC      827       0
                text3                              21B4     21B4      4A0      827       0
                text2                              40C4     40C4       64      827       0
                text1                              469E     469E       2A      827       0
                text0                              4128     4128       62      827       0
                cstackCOMRAM                          1        1       55        1       1
                cstackBANK0                          B6       B6       44       60       1
                cstackBANK1                         156      156        4      100       1
                bssBANK1                            100      100       50      100       1
                bssBANK0                             60       60       56       60       1
                bssCOMRAM                            56       56        5        1       1
                cinit                              4596     4596       2C      827       0
                nvBANK1                             150      150        6      100       1
                nvBANK0                              FA       FA        5       60       1

TOTAL           Name                               Link     Load   Length     Space
        CLASS   STACK          

        CLASS   CODE           
                intcode                               8        8       A8         0
                init                                 B0       B0        4         0
                reset_vec                             0        0        4         0
                text101                            46C8     46C8       2A         0
                text100                            4900     4900        6         0
                text99                             4936     4936        2         0
                text98                             48FA     48FA        6         0
                text97                             39AA     39AA       C0         0
                text96                             4406     4406       42         0
                text94                             489C     489C        A         0
                text93                             4892     4892        A         0
                text92                             4888     4888        A         0
                text91                             487E     487E        A         0
                text90                             4874     4874        A         0
                text89                             3F0A     3F0A       76         0
                text88                             47F8     47F8       14         0
                text87                             4932     4932        4         0
                text86                             486A     486A        A         0
                text85                             4566     4566       30         0
                text84                             47CE     47CE       16         0
                text83                             492E     492E        4         0
                text82                             492A     492A        4         0
                text81                             4926     4926        4         0
                text80                             4672     4672       2C         0
                text79                             4922     4922        4         0
                text78                             491E     491E        4         0
                text77                             491A     491A        4         0
                text76                             4718     4718       24         0
                text75                             3E90     3E90       7A         0
                text74                             47B6     47B6       18         0
                text73                             4646     4646       2C         0
                text72                             461A     461A       2C         0
                text71                             45EE     45EE       2C         0
                text70                             45C2     45C2       2C         0
                text69                             4448     4448       40         0
                text68                             4916     4916        4         0
                text67                             4912     4912        4         0
                text66                             490E     490E        4         0
                text65                             48F4     48F4        6         0
                text64                             490A     490A        4         0
                text63                             48EE     48EE        6         0
                text62                             48E6     48E6        8         0
                text61                             47E4     47E4       14         0
                text60                             4906     4906        4         0
                text59                             3E14     3E14       7C         0
                text58                             4854     4854        C         0
                text57                             482C     482C       10         0
                text56                             481C     481C       10         0
                text55                             38E6     38E6       C4         0
                text54                             3BC4     3BC4       A6         0
                text53                             4848     4848        C         0
                text52                             48DE     48DE        8         0
                text51                             48D6     48D6        8         0
                text50                             48CE     48CE        8         0
                text49                             48C6     48C6        8         0
                text48                             48BE     48BE        8         0
                text47                             48B6     48B6        8         0
                text46                             48AE     48AE        8         0
                text45                             483C     483C        C         0
                text44                             405E     405E       66         0
                text43                             3F80     3F80       70         0
                text42                             480C     480C       10         0
                text41                             4780     4780       1E         0
                text40                             43C2     43C2       44         0
                text39                             48A6     48A6        8         0
                text38                             475E     475E       22         0
                text37                             3D00     3D00       8E         0
                text36                             479E     479E       18         0
                text35                             3D8E     3D8E       86         0
                text34                             302A     302A      1B4         0
                text33                             4338     4338       46         0
                text32                             3FF0     3FF0       6E         0
                text31                             473C     473C       22         0
                text30                             46F2     46F2       26         0
                text29                             44F8     44F8       38         0
                text28                             42A0     42A0       52         0
                text27                             31DE     31DE      19A         0
                text26                             3822     3822       C4         0
                text25                             3A6A     3A6A       B0         0
                text24                             2A7E     2A7E      39A         0
                text23                             3B1A     3B1A       AA         0
                text22                             347E     347E      104         0
                text21                             2654     2654      42A         0
                text20                             44C0     44C0       38         0
                text19                             1CF4     1CF4      4C0         0
                text18                             42F2     42F2       46         0
                text17                             3378     3378      106         0
                text16                             3582     3582       FE         0
                text15                             2E18     2E18      212         0
                text14                             4248     4248       58         0
                text13                             4860     4860        A         0
                text12                             3C6A     3C6A       96         0
                text11                             437E     437E       44         0
                text10                             4530     4530       36         0
                text9                              375C     375C       C6         0
                text8                              41EA     41EA       5E         0
                text7                              4488     4488       38         0
                text6                              418A     418A       60         0
                text5                              104E     104E      CA6         0
                text4                              3680     3680       DC         0
                text3                              21B4     21B4      4A0         0
                text2                              40C4     40C4       64         0
                text1                              469E     469E       2A         0
                text0                              4128     4128       62         0
                cinit                              4596     4596       2C         0

        CLASS   CONST          

        CLASS   SMALLCONST     
                smallconst                         1000     1000       4E         0

        CLASS   MEDIUMCONST    

        CLASS   COMRAM         
                temp                                 5B       5B        1         1
                cstackCOMRAM                          1        1       55         1
                bssCOMRAM                            56       56        5         1

        CLASS   ABS1           

        CLASS   BIGRAM         

        CLASS   RAM            

        CLASS   BANK0          
                cstackBANK0                          B6       B6       44         1
                bssBANK0                             60       60       56         1
                nvBANK0                              FA       FA        5         1

        CLASS   BANK1          
                cstackBANK1                         156      156        4         1
                bssBANK1                            100      100       50         1
                nvBANK1                             150      150        6         1

        CLASS   BANK2          

        CLASS   BANK3          

        CLASS   BANK4          

        CLASS   BANK5          

        CLASS   BANK6          

        CLASS   BANK7          

        CLASS   BANK8          

        CLASS   BANK9          

        CLASS   BANK10         

        CLASS   BANK11         

        CLASS   BANK12         

        CLASS   BANK13         

        CLASS   BANK14         

        CLASS   BANK15         

        CLASS   SFR            

        CLASS   CONFIG         
                config                           300000   300000        E         4

        CLASS   IDLOC          
                idloc                            200000   200000        8         5

        CLASS   EEDATA         

        CLASS   FARRAM         



SEGMENTS        Name                           Load    Length   Top    Selector   Space  Class

                reset_vec                      000000  000004  000004         0       0  CODE    
                cstackCOMRAM                   000001  00005B  00005C         1       1  COMRAM  
                intcode                        000008  0000AC  0000B4         4       0  CODE    
                bssBANK0                       000060  00009F  0000FF        60       1  BANK0   
                bssBANK1                       000100  00005A  00015A       100       1  BANK1   
                smallconst                     001000  00004E  00104E       800       0  SMALLCON
                text5                          00104E  0038EA  004938       827       0  CODE    


UNUSED ADDRESS RANGES

        Name                Unused          Largest block    Delta
        BANK0            0000FF-0000FF                1
        BANK1            00015A-0001FF               A6
        BANK10           000A00-000AFF              100
        BANK11           000B00-000BFF              100
        BANK12           000C00-000CFF              100
        BANK13           000D00-000DFF              100
        BANK14           000E00-000EFF              100
        BANK15           000F00-000F5F               60
        BANK2            000200-0002FF              100
        BANK3            000300-0003FF              100
        BANK4            000400-0004FF              100
        BANK5            000500-0005FF              100
        BANK6            000600-0006FF              100
        BANK7            000700-0007FF              100
        BANK8            000800-0008FF              100
        BANK9            000900-0009FF              100
        BIGRAM           00005C-00005F                4
                         0000FF-0000FF                1
                         00015A-000F5F              E06
        CODE             000004-000007                4
                         0000B4-000FFF              F4C
                         004938-00FFFF             B6C8
        COMRAM           00005C-00005F                4
        CONST            000004-000007                4
                         0000B4-000FFF              F4C
                         004938-00FFFF             B6C8
        EEDATA           F00000-F003FF              400
        MEDIUMCONST      004938-00FFFF             B6C8
        RAM              0000FF-0000FF                1
                         00015A-000F5F              100
        SFR              000F60-000FFF               A0
        SMALLCONST       004938-00FFFF              100
        STACK            00015A-000F5F              E06

                                  Symbol Table

?_I2C_Read2ByteRegister                        cstackCOMRAM 000016
?_VEML6030_GetValue                            cstackCOMRAM 00001E
?___awdiv                                      cstackCOMRAM 000005
?___awmod                                      cstackCOMRAM 000005
?___fladd                                      cstackCOMRAM 000005
?___fldiv                                      cstackCOMRAM 000005
?___flmul                                      cstackCOMRAM 000005
?___flneg                                      cstackCOMRAM 000005
?___flsub                                      cstackCOMRAM 00001E
?___fltol                                      cstackCOMRAM 000005
?___fpclassifyf                                cstackCOMRAM 000005
?___wmul                                       cstackCOMRAM 000005
?___xxtofl                                     cstackCOMRAM 000005
?_atoi                                         cstackCOMRAM 00000C
?_efgtoa                                       cstackCOMRAM 000032
?_floorf                                       cstackCOMRAM 00001E
?_isdigit                                      cstackCOMRAM 000005
?_isspace                                      cstackCOMRAM 000005
?_isupper                                      cstackCOMRAM 000005
?_pad                                          cstackCOMRAM 000017
?_printf                                       cstackBANK0  0000F4
?_strlen                                       cstackCOMRAM 000005
?_strncmp                                      cstackCOMRAM 000005
?_tolower                                      cstackCOMRAM 00000B
?_vfpfcnvrt                                    cstackCOMRAM 00003E
?_vfprintf                                     cstackBANK0  0000EE
EUSART_SetErrorHandler@interruptHandler        cstackCOMRAM 000005
EUSART_SetFramingErrorHandler@interruptHandler cstackCOMRAM 000005
EUSART_SetOverrunErrorHandler@interruptHandler cstackCOMRAM 000005
EUSART_SetRxInterruptHandler@interruptHandler  cstackCOMRAM 000005
EUSART_SetTxInterruptHandler@interruptHandler  cstackCOMRAM 000005
EUSART_Write@txData                            cstackCOMRAM 000005
I2C_CallbackReturnReset@funPtr                 cstackCOMRAM 00000E
I2C_Close@returnValue                          cstackCOMRAM 000005
I2C_MasterOperation@read                       cstackCOMRAM 000014
I2C_MasterOperation@returnValue                cstackCOMRAM 000015
I2C_MasterSendTxData@data                      cstackCOMRAM 000005
I2C_Open@address                               cstackCOMRAM 000005
I2C_Open@returnValue                           cstackCOMRAM 000006
I2C_Read2ByteRegister@address                  cstackCOMRAM 00001B
I2C_Read2ByteRegister@reg                      cstackCOMRAM 000016
I2C_Read2ByteRegister@returnValue              cstackCOMRAM 00001C
I2C_SetAddressNackCallback@cb                  cstackCOMRAM 00000A
I2C_SetAddressNackCallback@ptr                 cstackCOMRAM 00000C
I2C_SetBuffer@buffer                           cstackCOMRAM 000005
I2C_SetBuffer@bufferSize                       cstackCOMRAM 000007
I2C_SetCallback@cb                             cstackCOMRAM 000005
I2C_SetCallback@idx                            cstackCOMRAM 000009
I2C_SetCallback@ptr                            cstackCOMRAM 000007
I2C_SetDataCompleteCallback@cb                 cstackCOMRAM 00000A
I2C_SetDataCompleteCallback@ptr                cstackCOMRAM 00000C
I2C_Write1ByteRegister@address                 cstackCOMRAM 000018
I2C_Write1ByteRegister@data                    cstackCOMRAM 000017
I2C_Write1ByteRegister@reg                     cstackCOMRAM 000016
VEML6030_GetValue@data                         cstackCOMRAM 000026
VEML6030_GetValue@lightDataAnz                 cstackCOMRAM 000022
_ANSEL                                         (abs)        000F7E
_ANSELH                                        (abs)        000F7F
_BAUDCON                                       (abs)        000FB8
_EUSART_DefaultErrorHandler                    text100      004900
_EUSART_DefaultFramingErrorHandler             text99       004936
_EUSART_DefaultOverrunErrorHandler             text98       0048FA
_EUSART_ErrorHandler                           nvBANK1      000150
_EUSART_FramingErrorHandler                    nvBANK1      000154
_EUSART_Initialize                             text89       003F0A
_EUSART_OverrunErrorHandler                    nvBANK1      000152
_EUSART_Receive_ISR                            text97       0039AA
_EUSART_RxDataHandler                          text101      0046C8
_EUSART_RxDefaultInterruptHandler              nvBANK0      0000FA
_EUSART_SetErrorHandler                        text94       00489C
_EUSART_SetFramingErrorHandler                 text93       004892
_EUSART_SetOverrunErrorHandler                 text92       004888
_EUSART_SetRxInterruptHandler                  text91       00487E
_EUSART_SetTxInterruptHandler                  text90       004874
_EUSART_Transmit_ISR                           text96       004406
_EUSART_TxDefaultInterruptHandler              nvBANK0      0000FC
_EUSART_Write                                  text14       004248
_I2C_CallbackReturnReset                       text67       004912
_I2C_CallbackReturnStop                        text68       004916
_I2C_Close                                     text80       004672
_I2C_DO_ADDRESS_NACK                           text44       00405E
_I2C_DO_IDLE                                   text58       004854
_I2C_DO_RCEN                                   text53       004848
_I2C_DO_RESET                                  text45       00483C
_I2C_DO_RX                                     text54       003BC4
_I2C_DO_RX_ACK                                 text48       0048BE
_I2C_DO_RX_NACK_RESTART                        text46       0048AE
_I2C_DO_RX_NACK_STOP                           text47       0048B6
_I2C_DO_SEND_ADR_READ                          text57       00482C
_I2C_DO_SEND_ADR_WRITE                         text56       00481C
_I2C_DO_SEND_RESTART                           text50       0048CE
_I2C_DO_SEND_RESTART_READ                      text52       0048DE
_I2C_DO_SEND_RESTART_WRITE                     text51       0048D6
_I2C_DO_SEND_STOP                              text49       0048C6
_I2C_DO_TX                                     text55       0038E6
_I2C_DO_TX_EMPTY                               text59       003E14
_I2C_Initialize                                text88       0047F8
_I2C_MasterClearIrq                            text83       00492E
_I2C_MasterClose                               text82       00492A
_I2C_MasterDisableIrq                          text81       004926
_I2C_MasterEnableRestart                       text78       00491E
_I2C_MasterFsm                                 text43       003F80
_I2C_MasterGetRxData                           text64       00490A
_I2C_MasterIsNack                              text61       0047E4
_I2C_MasterOpen                                text38       00475E
_I2C_MasterOperation                           text40       0043C2
_I2C_MasterSendAck                             text63       0048EE
_I2C_MasterSendNack                            text65       0048F4
_I2C_MasterSendTxData                          text62       0048E6
_I2C_MasterSetIrq                              text60       004906
_I2C_MasterStart                               text79       004922
_I2C_MasterStartRx                             text66       00490E
_I2C_MasterStop                                text77       00491A
_I2C_MasterWaitForEvent                        text42       00480C
_I2C_MasterWrite                               text39       0048A6
_I2C_Open                                      text37       003D00
_I2C_Poller                                    text41       004780
_I2C_Read2ByteRegister                         text35       003D8E
_I2C_SetAddressNackCallback                    text36       00479E
_I2C_SetBuffer                                 text76       004718
_I2C_SetCallback                               text75       003E90
_I2C_SetDataCompleteCallback                   text74       0047B6
_I2C_Status                                    bssBANK0     000060
_I2C_Write1ByteRegister                        text32       003FF0
_INTCON2bits                                   (abs)        000FF1
_INTCONbits                                    (abs)        000FF2
_INTERRUPT_Initialize                          text87       004932
_INTERRUPT_InterruptManager                    intcode      000008
_LATA                                          (abs)        000F89
_LATB                                          (abs)        000F8A
_LATC                                          (abs)        000F8B
_LATD                                          (abs)        000F8C
_LATE                                          (abs)        000F8D
_OSCCON                                        (abs)        000FD3
_OSCILLATOR_Initialize                         text86       00486A
_OSCTUNE                                       (abs)        000F9B
_PIE1bits                                      (abs)        000F9D
_PIN_MANAGER_Initialize                        text85       004566
_PIR1bits                                      (abs)        000F9E
_PIR2bits                                      (abs)        000FA1
_RCONbits                                      (abs)        000FD0
_RCREG                                         (abs)        000FAE
_RCSTA                                         (abs)        000FAB
_RCSTAbits                                     (abs)        000FAB
_SPBRG                                         (abs)        000FAF
_SPBRGH                                        (abs)        000FB0
_SSPADD                                        (abs)        000FC8
_SSPBUF                                        (abs)        000FC9
_SSPCON1                                       (abs)        000FC6
_SSPCON1bits                                   (abs)        000FC6
_SSPCON2                                       (abs)        000FC5
_SSPCON2bits                                   (abs)        000FC5
_SSPSTAT                                       (abs)        000FC7
_SSPSTATbits                                   (abs)        000FC7
_SYSTEM_Initialize                             text84       0047CE
_TRISA                                         (abs)        000F92
_TRISB                                         (abs)        000F93
_TRISC                                         (abs)        000F94
_TRISD                                         (abs)        000F95
_TRISE                                         (abs)        000F96
_TXREG                                         (abs)        000FAD
_TXSTA                                         (abs)        000FAC
_TXSTAbits                                     (abs)        000FAC
_VEML6030_GetValue                             text33       004338
_VEML6030_Init                                 text31       00473C
_WPUB                                          (abs)        000F7C
__HRAM                                         (abs)        000000
__Habs1                                        abs1         000000
__Hbank0                                       bank0        000000
__Hbank1                                       bank1        000000
__Hbank10                                      bank10       000000
__Hbank11                                      bank11       000000
__Hbank12                                      bank12       000000
__Hbank13                                      bank13       000000
__Hbank14                                      bank14       000000
__Hbank15                                      bank15       000000
__Hbank2                                       bank2        000000
__Hbank3                                       bank3        000000
__Hbank4                                       bank4        000000
__Hbank5                                       bank5        000000
__Hbank6                                       bank6        000000
__Hbank7                                       bank7        000000
__Hbank8                                       bank8        000000
__Hbank9                                       bank9        000000
__Hbigbss                                      bigbss       000000
__Hbigdata                                     bigdata      000000
__Hbigram                                      bigram       000000
__Hbss                                         bss          000000
__HbssBANK0                                    bssBANK0     000000
__HbssBANK1                                    bssBANK1     000000
__HbssCOMRAM                                   bssCOMRAM    000000
__Hcinit                                       cinit        000000
__Hclrtext                                     clrtext      000000
__Hcomram                                      comram       000000
__Hconfig                                      config       30000E
__Hconst                                       const        000000
__HcstackBANK0                                 cstackBANK0  000000
__HcstackBANK1                                 cstackBANK1  000000
__HcstackCOMRAM                                cstackCOMRAM 000000
__Hdata                                        data         000000
__Heeprom_data                                 eeprom_data  000000
__Hfarbss                                      farbss       000000
__Hfardata                                     fardata      000000
__Hibigdata                                    ibigdata     000000
__Hidata                                       idata        000000
__Hidloc                                       idloc        200008
__Hifardata                                    ifardata     000000
__Hinit                                        init         0000B4
__Hintcode                                     intcode      0000B0
__Hintcode_body                                intcode_body 000000
__Hintcodelo                                   intcodelo    0000B0
__Hintentry                                    intentry     000000
__Hintret                                      intret       000000
__Hintsave_regs                                intsave_regs 000000
__Hirdata                                      irdata       000000
__Hmediumconst                                 mediumconst  000000
__HnvBANK0                                     nvBANK0      000000
__HnvBANK1                                     nvBANK1      000000
__HnvFARRAM                                    nvFARRAM     000000
__Hnvbit                                       nvbit        000000
__Hnvrram                                      nvrram       000000
__Hparam                                       rparam       000000
__Hpowerup                                     powerup      0000B0
__Hram                                         ram          000000
__Hramtop                                      ramtop       001000
__Hrbit                                        rbit         000000
__Hrbss                                        rbss         000000
__Hrdata                                       rdata        000000
__Hreset_vec                                   reset_vec    000004
__Hrparam                                      rparam       000000
__Hsfr                                         sfr          000000
__Hsmallconst                                  smallconst   00104E
__Hspace_0                                     (abs)        004938
__Hspace_1                                     (abs)        00015A
__Hspace_2                                     (abs)        000000
__Hspace_4                                     (abs)        60000E
__Hstack                                       stack        000000
__Hstruct                                      struct       000000
__Htemp                                        temp         00005C
__Htext                                        text         000000
__Htext0                                       text0        000000
__Htext1                                       text1        000000
__Htext10                                      text10       000000
__Htext100                                     text100      000000
__Htext101                                     text101      000000
__Htext102                                     text102      000000
__Htext11                                      text11       000000
__Htext12                                      text12       000000
__Htext13                                      text13       000000
__Htext14                                      text14       000000
__Htext15                                      text15       000000
__Htext16                                      text16       000000
__Htext17                                      text17       000000
__Htext18                                      text18       000000
__Htext19                                      text19       000000
__Htext2                                       text2        000000
__Htext20                                      text20       000000
__Htext21                                      text21       000000
__Htext22                                      text22       000000
__Htext23                                      text23       000000
__Htext24                                      text24       000000
__Htext25                                      text25       000000
__Htext26                                      text26       000000
__Htext27                                      text27       000000
__Htext28                                      text28       000000
__Htext29                                      text29       000000
__Htext3                                       text3        000000
__Htext30                                      text30       000000
__Htext31                                      text31       000000
__Htext32                                      text32       000000
__Htext33                                      text33       000000
__Htext34                                      text34       000000
__Htext35                                      text35       000000
__Htext36                                      text36       000000
__Htext37                                      text37       000000
__Htext38                                      text38       000000
__Htext39                                      text39       000000
__Htext4                                       text4        000000
__Htext40                                      text40       000000
__Htext41                                      text41       000000
__Htext42                                      text42       000000
__Htext43                                      text43       000000
__Htext44                                      text44       000000
__Htext45                                      text45       000000
__Htext46                                      text46       000000
__Htext47                                      text47       000000
__Htext48                                      text48       000000
__Htext49                                      text49       000000
__Htext5                                       text5        000000
__Htext50                                      text50       000000
__Htext51                                      text51       000000
__Htext52                                      text52       000000
__Htext53                                      text53       000000
__Htext54                                      text54       000000
__Htext55                                      text55       000000
__Htext56                                      text56       000000
__Htext57                                      text57       000000
__Htext58                                      text58       000000
__Htext59                                      text59       000000
__Htext6                                       text6        000000
__Htext60                                      text60       000000
__Htext61                                      text61       000000
__Htext62                                      text62       000000
__Htext63                                      text63       000000
__Htext64                                      text64       000000
__Htext65                                      text65       000000
__Htext66                                      text66       000000
__Htext67                                      text67       000000
__Htext68                                      text68       000000
__Htext69                                      text69       000000
__Htext7                                       text7        000000
__Htext70                                      text70       000000
__Htext71                                      text71       000000
__Htext72                                      text72       000000
__Htext73                                      text73       000000
__Htext74                                      text74       000000
__Htext75                                      text75       000000
__Htext76                                      text76       000000
__Htext77                                      text77       000000
__Htext78                                      text78       000000
__Htext79                                      text79       000000
__Htext8                                       text8        000000
__Htext80                                      text80       000000
__Htext81                                      text81       000000
__Htext82                                      text82       000000
__Htext83                                      text83       000000
__Htext84                                      text84       000000
__Htext85                                      text85       000000
__Htext86                                      text86       000000
__Htext87                                      text87       000000
__Htext88                                      text88       000000
__Htext89                                      text89       000000
__Htext9                                       text9        000000
__Htext90                                      text90       000000
__Htext91                                      text91       000000
__Htext92                                      text92       000000
__Htext93                                      text93       000000
__Htext94                                      text94       000000
__Htext96                                      text96       000000
__Htext97                                      text97       000000
__Htext98                                      text98       000000
__Htext99                                      text99       000000
__LRAM                                         (abs)        000001
__Labs1                                        abs1         000000
__Lbank0                                       bank0        000000
__Lbank1                                       bank1        000000
__Lbank10                                      bank10       000000
__Lbank11                                      bank11       000000
__Lbank12                                      bank12       000000
__Lbank13                                      bank13       000000
__Lbank14                                      bank14       000000
__Lbank15                                      bank15       000000
__Lbank2                                       bank2        000000
__Lbank3                                       bank3        000000
__Lbank4                                       bank4        000000
__Lbank5                                       bank5        000000
__Lbank6                                       bank6        000000
__Lbank7                                       bank7        000000
__Lbank8                                       bank8        000000
__Lbank9                                       bank9        000000
__Lbigbss                                      bigbss       000000
__Lbigdata                                     bigdata      000000
__Lbigram                                      bigram       000000
__Lbss                                         bss          000000
__LbssBANK0                                    bssBANK0     000000
__LbssBANK1                                    bssBANK1     000000
__LbssCOMRAM                                   bssCOMRAM    000000
__Lcinit                                       cinit        000000
__Lclrtext                                     clrtext      000000
__Lcomram                                      comram       000000
__Lconfig                                      config       000000
__Lconst                                       const        000000
__LcstackBANK0                                 cstackBANK0  000000
__LcstackBANK1                                 cstackBANK1  000000
__LcstackCOMRAM                                cstackCOMRAM 000000
__Ldata                                        data         000000
__Leeprom_data                                 eeprom_data  000000
__Lfarbss                                      farbss       000000
__Lfardata                                     fardata      000000
__Libigdata                                    ibigdata     000000
__Lidata                                       idata        000000
__Lidloc                                       idloc        000000
__Lifardata                                    ifardata     000000
__Linit                                        init         0000B0
__Lintcode                                     intcode      000008
__Lintcode_body                                intcode_body 000000
__Lintcodelo                                   intcodelo    0000B0
__Lintentry                                    intentry     000000
__Lintret                                      intret       000000
__Lintsave_regs                                intsave_regs 000000
__Lirdata                                      irdata       000000
__Lmediumconst                                 mediumconst  000000
__LnvBANK0                                     nvBANK0      000000
__LnvBANK1                                     nvBANK1      000000
__LnvFARRAM                                    nvFARRAM     000000
__Lnvbit                                       nvbit        000000
__Lnvrram                                      nvrram       000000
__Lparam                                       rparam       000000
__Lpowerup                                     powerup      0000B0
__Lram                                         ram          000000
__Lramtop                                      ramtop       001000
__Lrbit                                        rbit         000000
__Lrbss                                        rbss         000000
__Lrdata                                       rdata        000000
__Lreset_vec                                   reset_vec    000000
__Lrparam                                      rparam       000000
__Lsfr                                         sfr          000000
__Lsmallconst                                  smallconst   001000
__Lspace_0                                     (abs)        000000
__Lspace_1                                     (abs)        000000
__Lspace_2                                     (abs)        000000
__Lspace_4                                     (abs)        000000
__Lstack                                       stack        000000
__Lstruct                                      struct       000000
__Ltemp                                        temp         00005B
__Ltext                                        text         000000
__Ltext0                                       text0        000000
__Ltext1                                       text1        000000
__Ltext10                                      text10       000000
__Ltext100                                     text100      000000
__Ltext101                                     text101      000000
__Ltext102                                     text102      000000
__Ltext11                                      text11       000000
__Ltext12                                      text12       000000
__Ltext13                                      text13       000000
__Ltext14                                      text14       000000
__Ltext15                                      text15       000000
__Ltext16                                      text16       000000
__Ltext17                                      text17       000000
__Ltext18                                      text18       000000
__Ltext19                                      text19       000000
__Ltext2                                       text2        000000
__Ltext20                                      text20       000000
__Ltext21                                      text21       000000
__Ltext22                                      text22       000000
__Ltext23                                      text23       000000
__Ltext24                                      text24       000000
__Ltext25                                      text25       000000
__Ltext26                                      text26       000000
__Ltext27                                      text27       000000
__Ltext28                                      text28       000000
__Ltext29                                      text29       000000
__Ltext3                                       text3        000000
__Ltext30                                      text30       000000
__Ltext31                                      text31       000000
__Ltext32                                      text32       000000
__Ltext33                                      text33       000000
__Ltext34                                      text34       000000
__Ltext35                                      text35       000000
__Ltext36                                      text36       000000
__Ltext37                                      text37       000000
__Ltext38                                      text38       000000
__Ltext39                                      text39       000000
__Ltext4                                       text4        000000
__Ltext40                                      text40       000000
__Ltext41                                      text41       000000
__Ltext42                                      text42       000000
__Ltext43                                      text43       000000
__Ltext44                                      text44       000000
__Ltext45                                      text45       000000
__Ltext46                                      text46       000000
__Ltext47                                      text47       000000
__Ltext48                                      text48       000000
__Ltext49                                      text49       000000
__Ltext5                                       text5        000000
__Ltext50                                      text50       000000
__Ltext51                                      text51       000000
__Ltext52                                      text52       000000
__Ltext53                                      text53       000000
__Ltext54                                      text54       000000
__Ltext55                                      text55       000000
__Ltext56                                      text56       000000
__Ltext57                                      text57       000000
__Ltext58                                      text58       000000
__Ltext59                                      text59       000000
__Ltext6                                       text6        000000
__Ltext60                                      text60       000000
__Ltext61                                      text61       000000
__Ltext62                                      text62       000000
__Ltext63                                      text63       000000
__Ltext64                                      text64       000000
__Ltext65                                      text65       000000
__Ltext66                                      text66       000000
__Ltext67                                      text67       000000
__Ltext68                                      text68       000000
__Ltext69                                      text69       000000
__Ltext7                                       text7        000000
__Ltext70                                      text70       000000
__Ltext71                                      text71       000000
__Ltext72                                      text72       000000
__Ltext73                                      text73       000000
__Ltext74                                      text74       000000
__Ltext75                                      text75       000000
__Ltext76                                      text76       000000
__Ltext77                                      text77       000000
__Ltext78                                      text78       000000
__Ltext79                                      text79       000000
__Ltext8                                       text8        000000
__Ltext80                                      text80       000000
__Ltext81                                      text81       000000
__Ltext82                                      text82       000000
__Ltext83                                      text83       000000
__Ltext84                                      text84       000000
__Ltext85                                      text85       000000
__Ltext86                                      text86       000000
__Ltext87                                      text87       000000
__Ltext88                                      text88       000000
__Ltext89                                      text89       000000
__Ltext9                                       text9        000000
__Ltext90                                      text90       000000
__Ltext91                                      text91       000000
__Ltext92                                      text92       000000
__Ltext93                                      text93       000000
__Ltext94                                      text94       000000
__Ltext96                                      text96       000000
__Ltext97                                      text97       000000
__Ltext98                                      text98       000000
__Ltext99                                      text99       000000
__S0                                           (abs)        004938
__S1                                           (abs)        00015A
__S2                                           (abs)        000000
__S4                                           (abs)        000000
__S5                                           (abs)        000000
___awdiv                                       text26       003822
___awdiv@counter                               cstackCOMRAM 000009
___awdiv@dividend                              cstackCOMRAM 000005
___awdiv@divisor                               cstackCOMRAM 000007
___awdiv@quotient                              cstackCOMRAM 00000B
___awdiv@sign                                  cstackCOMRAM 00000A
___awmod                                       text25       003A6A
___awmod@counter                               cstackCOMRAM 000009
___awmod@dividend                              cstackCOMRAM 000005
___awmod@divisor                               cstackCOMRAM 000007
___awmod@sign                                  cstackCOMRAM 00000A
___fladd                                       text19       001CF4
___fladd@a                                     cstackCOMRAM 000009
___fladd@aexp                                  cstackCOMRAM 000012
___fladd@b                                     cstackCOMRAM 000005
___fladd@bexp                                  cstackCOMRAM 000013
___fladd@grs                                   cstackCOMRAM 000014
___fladd@signs                                 cstackCOMRAM 000011
___fldiv                                       text24       002A7E
___fldiv@a                                     cstackCOMRAM 000009
___fldiv@aexp                                  cstackCOMRAM 00001D
___fldiv@b                                     cstackCOMRAM 000005
___fldiv@bexp                                  cstackCOMRAM 00001C
___fldiv@grs                                   cstackCOMRAM 000018
___fldiv@new_exp                               cstackCOMRAM 000016
___fldiv@rem                                   cstackCOMRAM 000011
___fldiv@sign                                  cstackCOMRAM 000015
___fleq                                        text23       003B1A
___fleq@ff1                                    cstackCOMRAM 000005
___fleq@ff2                                    cstackCOMRAM 000009
___flge                                        text22       00347E
___flge@ff1                                    cstackCOMRAM 00001E
___flge@ff2                                    cstackCOMRAM 000022
___flmul                                       text21       002654
___flmul@a                                     cstackCOMRAM 000009
___flmul@aexp                                  cstackCOMRAM 000012
___flmul@b                                     cstackCOMRAM 000005
___flmul@bexp                                  cstackCOMRAM 000017
___flmul@grs                                   cstackCOMRAM 000013
___flmul@prod                                  cstackCOMRAM 000018
___flmul@sign                                  cstackCOMRAM 000011
___flmul@temp                                  cstackCOMRAM 00001C
___flneg                                       text20       0044C0
___flneg@f1                                    cstackCOMRAM 000005
___flsub                                       text18       0042F2
___flsub@a                                     cstackCOMRAM 000022
___flsub@b                                     cstackCOMRAM 00001E
___fltol                                       text17       003378
___fltol@exp1                                  cstackCOMRAM 00000E
___fltol@f1                                    cstackCOMRAM 000005
___fltol@sign1                                 cstackCOMRAM 00000D
___fpclassifyf                                 text16       003582
___fpclassifyf@F465                            bssBANK0     0000A0
___fpclassifyf@e                               cstackCOMRAM 00000D
___fpclassifyf@u                               cstackCOMRAM 00000F
___fpclassifyf@x                               cstackCOMRAM 000005
___inthi_sp                                    stack        000000
___intlo_sp                                    stack        000000
___param_bank                                  (abs)        000000
___rparam_used                                 (abs)        000001
___sp                                          stack        000000
___wmul                                        text30       0046F2
___wmul@multiplicand                           cstackCOMRAM 000007
___wmul@multiplier                             cstackCOMRAM 000005
___wmul@product                                cstackCOMRAM 000009
___xxtofl                                      text34       00302A
___xxtofl@arg                                  cstackCOMRAM 00000F
___xxtofl@exp                                  cstackCOMRAM 00000E
___xxtofl@sign                                 cstackCOMRAM 00000D
___xxtofl@val                                  cstackCOMRAM 000005
__accesstop                                    (abs)        000060
__activetblptr                                 (abs)        000003
__end_of_EUSART_DefaultErrorHandler            text100      004906
__end_of_EUSART_DefaultFramingErrorHandler     text99       004938
__end_of_EUSART_DefaultOverrunErrorHandler     text98       004900
__end_of_EUSART_Initialize                     text89       003F80
__end_of_EUSART_Receive_ISR                    text97       003A6A
__end_of_EUSART_RxDataHandler                  text101      0046F2
__end_of_EUSART_SetErrorHandler                text94       0048A6
__end_of_EUSART_SetFramingErrorHandler         text93       00489C
__end_of_EUSART_SetOverrunErrorHandler         text92       004892
__end_of_EUSART_SetRxInterruptHandler          text91       004888
__end_of_EUSART_SetTxInterruptHandler          text90       00487E
__end_of_EUSART_Transmit_ISR                   text96       004448
__end_of_EUSART_Write                          text14       0042A0
__end_of_I2C_CallbackReturnReset               text67       004916
__end_of_I2C_CallbackReturnStop                text68       00491A
__end_of_I2C_Close                             text80       00469E
__end_of_I2C_DO_ADDRESS_NACK                   text44       0040C4
__end_of_I2C_DO_IDLE                           text58       004860
__end_of_I2C_DO_RCEN                           text53       004854
__end_of_I2C_DO_RESET                          text45       004848
__end_of_I2C_DO_RX                             text54       003C6A
__end_of_I2C_DO_RX_ACK                         text48       0048C6
__end_of_I2C_DO_RX_NACK_RESTART                text46       0048B6
__end_of_I2C_DO_RX_NACK_STOP                   text47       0048BE
__end_of_I2C_DO_SEND_ADR_READ                  text57       00483C
__end_of_I2C_DO_SEND_ADR_WRITE                 text56       00482C
__end_of_I2C_DO_SEND_RESTART                   text50       0048D6
__end_of_I2C_DO_SEND_RESTART_READ              text52       0048E6
__end_of_I2C_DO_SEND_RESTART_WRITE             text51       0048DE
__end_of_I2C_DO_SEND_STOP                      text49       0048CE
__end_of_I2C_DO_TX                             text55       0039AA
__end_of_I2C_DO_TX_EMPTY                       text59       003E90
__end_of_I2C_Initialize                        text88       00480C
__end_of_I2C_MasterClearIrq                    text83       004932
__end_of_I2C_MasterClose                       text82       00492E
__end_of_I2C_MasterDisableIrq                  text81       00492A
__end_of_I2C_MasterEnableRestart               text78       004922
__end_of_I2C_MasterFsm                         text43       003FF0
__end_of_I2C_MasterGetRxData                   text64       00490E
__end_of_I2C_MasterIsNack                      text61       0047F8
__end_of_I2C_MasterOpen                        text38       004780
__end_of_I2C_MasterOperation                   text40       004406
__end_of_I2C_MasterSendAck                     text63       0048F4
__end_of_I2C_MasterSendNack                    text65       0048FA
__end_of_I2C_MasterSendTxData                  text62       0048EE
__end_of_I2C_MasterSetIrq                      text60       00490A
__end_of_I2C_MasterStart                       text79       004926
__end_of_I2C_MasterStartRx                     text66       004912
__end_of_I2C_MasterStop                        text77       00491E
__end_of_I2C_MasterWaitForEvent                text42       00481C
__end_of_I2C_MasterWrite                       text39       0048AE
__end_of_I2C_Open                              text37       003D8E
__end_of_I2C_Poller                            text41       00479E
__end_of_I2C_Read2ByteRegister                 text35       003E14
__end_of_I2C_SetAddressNackCallback            text36       0047B6
__end_of_I2C_SetBuffer                         text76       00473C
__end_of_I2C_SetCallback                       text75       003F0A
__end_of_I2C_SetDataCompleteCallback           text74       0047CE
__end_of_I2C_Write1ByteRegister                text32       00405E
__end_of_INTERRUPT_Initialize                  text87       004936
__end_of_INTERRUPT_InterruptManager            intcode      0000B0
__end_of_OSCILLATOR_Initialize                 text86       004874
__end_of_PIN_MANAGER_Initialize                text85       004596
__end_of_SYSTEM_Initialize                     text84       0047E4
__end_of_VEML6030_GetValue                     text33       00437E
__end_of_VEML6030_Init                         text31       00475E
__end_of___awdiv                               text26       0038E6
__end_of___awmod                               text25       003B1A
__end_of___fladd                               text19       0021B4
__end_of___fldiv                               text24       002E18
__end_of___fleq                                text23       003BC4
__end_of___flge                                text22       003582
__end_of___flmul                               text21       002A7E
__end_of___flneg                               text20       0044F8
__end_of___flsub                               text18       004338
__end_of___fltol                               text17       00347E
__end_of___fpclassifyf                         text16       003680
__end_of___wmul                                text30       004718
__end_of___xxtofl                              text34       0031DE
__end_of__initialization                       cinit        0045B8
__end_of_atoi                                  text27       003378
__end_of_efgtoa                                text5        001CF4
__end_of_floorf                                text15       00302A
__end_of_fputc                                 text12       003D00
__end_of_fputs                                 text11       0043C2
__end_of_fsmStateTable                         smallconst   001021
__end_of_isdigit                               text29       004530
__end_of_isspace                               text28       0042F2
__end_of_isupper                               text7        0044C0
__end_of_main                                  text0        00418A
__end_of_pad                                   text9        003822
__end_of_printf                                text1        0046C8
__end_of_putch                                 text13       00486A
__end_of_rd1RegCompleteHandler                 text72       004646
__end_of_rd2RegCompleteHandler                 text71       00461A
__end_of_rdBlkRegCompleteHandler               text69       004488
__end_of_strcpy                                text8        004248
__end_of_strlen                                text10       004566
__end_of_strncmp                               text4        00375C
__end_of_tolower                               text6        0041EA
__end_of_vfpfcnvrt                             text3        002654
__end_of_vfprintf                              text2        004128
__end_of_wr1RegCompleteHandler                 text70       0045EE
__end_of_wr2RegCompleteHandler                 text73       004672
__initialization                               cinit        004596
__mediumconst                                  mediumconst  000000
__pbssBANK0                                    bssBANK0     000060
__pbssBANK1                                    bssBANK1     000100
__pbssCOMRAM                                   bssCOMRAM    000056
__pcinit                                       cinit        004596
__pcstackBANK0                                 cstackBANK0  0000B6
__pcstackBANK1                                 cstackBANK1  000156
__pcstackCOMRAM                                cstackCOMRAM 000001
__pintcode                                     intcode      000008
__pnvBANK0                                     nvBANK0      0000FA
__pnvBANK1                                     nvBANK1      000150
__psmallconst                                  smallconst   001000
__ptext0                                       text0        004128
__ptext1                                       text1        00469E
__ptext10                                      text10       004530
__ptext100                                     text100      004900
__ptext101                                     text101      0046C8
__ptext102                                     text102      000000
__ptext11                                      text11       00437E
__ptext12                                      text12       003C6A
__ptext13                                      text13       004860
__ptext14                                      text14       004248
__ptext15                                      text15       002E18
__ptext16                                      text16       003582
__ptext17                                      text17       003378
__ptext18                                      text18       0042F2
__ptext19                                      text19       001CF4
__ptext2                                       text2        0040C4
__ptext20                                      text20       0044C0
__ptext21                                      text21       002654
__ptext22                                      text22       00347E
__ptext23                                      text23       003B1A
__ptext24                                      text24       002A7E
__ptext25                                      text25       003A6A
__ptext26                                      text26       003822
__ptext27                                      text27       0031DE
__ptext28                                      text28       0042A0
__ptext29                                      text29       0044F8
__ptext3                                       text3        0021B4
__ptext30                                      text30       0046F2
__ptext31                                      text31       00473C
__ptext32                                      text32       003FF0
__ptext33                                      text33       004338
__ptext34                                      text34       00302A
__ptext35                                      text35       003D8E
__ptext36                                      text36       00479E
__ptext37                                      text37       003D00
__ptext38                                      text38       00475E
__ptext39                                      text39       0048A6
__ptext4                                       text4        003680
__ptext40                                      text40       0043C2
__ptext41                                      text41       004780
__ptext42                                      text42       00480C
__ptext43                                      text43       003F80
__ptext44                                      text44       00405E
__ptext45                                      text45       00483C
__ptext46                                      text46       0048AE
__ptext47                                      text47       0048B6
__ptext48                                      text48       0048BE
__ptext49                                      text49       0048C6
__ptext5                                       text5        00104E
__ptext50                                      text50       0048CE
__ptext51                                      text51       0048D6
__ptext52                                      text52       0048DE
__ptext53                                      text53       004848
__ptext54                                      text54       003BC4
__ptext55                                      text55       0038E6
__ptext56                                      text56       00481C
__ptext57                                      text57       00482C
__ptext58                                      text58       004854
__ptext59                                      text59       003E14
__ptext6                                       text6        00418A
__ptext60                                      text60       004906
__ptext61                                      text61       0047E4
__ptext62                                      text62       0048E6
__ptext63                                      text63       0048EE
__ptext64                                      text64       00490A
__ptext65                                      text65       0048F4
__ptext66                                      text66       00490E
__ptext67                                      text67       004912
__ptext68                                      text68       004916
[...]
_dbuf                                          bssBANK1     000100
_efgtoa                                        text5        00104E
_efgtoa$2091                                   cstackBANK0  0000B6
_efgtoa$2092                                   cstackBANK0  0000B8
_efgtoa$2097                                   cstackBANK0  0000BA
_efgtoa$2101                                   cstackBANK0  0000BC
_efgtoa$2102                                   cstackBANK0  0000BE
_efgtoa$2103                                   cstackBANK0  0000C0
_eusartRxBuffer                                bssBANK0     00008C
_eusartRxCount                                 bssCOMRAM    000056
_eusartRxHead                                  bssCOMRAM    000058
_eusartRxLastError                             bssBANK0     0000B5
_eusartRxStatusBuffer                          bssBANK0     000084
_eusartRxTail                                  bssCOMRAM    000057
_eusartTxBuffer                                bssBANK0     000094
_eusartTxBufferRemaining                       nvBANK0      0000FE
_eusartTxHead                                  bssCOMRAM    00005A
_eusartTxTail                                  bssCOMRAM    000059
_flags                                         bssBANK0     0000B1
_floorf                                        text15       002E18
_fputc                                         text12       003C6A
_fputs                                         text11       00437E
_fsmStateTable                                 smallconst   001001
_isdigit                                       text29       0044F8
_isspace                                       text28       0042A0
_isspace$2186                                  cstackCOMRAM 00000B
_isupper                                       text7        004488
_light                                         bssBANK0     0000A4
_main                                          text0        004128
_nout                                          bssBANK0     0000AB
_pad                                           text9        00375C
_prec                                          bssBANK0     0000AF
_printf                                        text1        00469E
_putch                                         text13       004860
_rd1RegCompleteHandler                         text72       00461A
_rd2RegCompleteHandler                         text71       0045EE
_rdBlkRegCompleteHandler                       text69       004448
_readBuffer                                    bssBANK0     0000B3
_strcpy                                        text8        0041EA
_strlen                                        text10       004530
_strncmp                                       text4        003680
_tolower                                       text6        00418A
_tolower$2244                                  cstackCOMRAM 000011
_vfpfcnvrt                                     text3        0021B4
_vfpfcnvrt$2117                                cstackCOMRAM 000048
_vfpfcnvrt$2121                                cstackCOMRAM 00004A
_vfprintf                                      text2        0040C4
_width                                         bssBANK0     0000AD
_wr1RegCompleteHandler                         text70       0045C2
_wr2RegCompleteHandler                         text73       004646
_writeBuffer                                   bssBANK0     0000A8
atoi@n                                         cstackCOMRAM 000019
atoi@neg                                       cstackCOMRAM 000012
atoi@s                                         cstackCOMRAM 00000C
btemp                                          temp         00005B
efgtoa@c                                       cstackCOMRAM 000038
efgtoa@d                                       cstackBANK0  0000CE
efgtoa@e                                       cstackBANK0  0000E6
efgtoa@f                                       cstackCOMRAM 000034
efgtoa@fp                                      cstackCOMRAM 000032
efgtoa@g                                       cstackBANK0  0000E2
efgtoa@h                                       cstackBANK0  0000D8
efgtoa@i                                       cstackBANK0  0000E0
efgtoa@l                                       cstackBANK0  0000DC
efgtoa@m                                       cstackBANK0  0000C8
efgtoa@mode                                    cstackBANK0  0000D7
efgtoa@n                                       cstackBANK0  0000E8
efgtoa@ne                                      cstackBANK0  0000C6
efgtoa@nmode                                   cstackBANK0  0000D6
efgtoa@ou                                      cstackBANK0  0000CA
efgtoa@p                                       cstackBANK0  0000D2
efgtoa@pp                                      cstackBANK0  0000C4
efgtoa@sign                                    cstackBANK0  0000D0
efgtoa@t                                       cstackBANK0  0000C2
efgtoa@u                                       cstackBANK0  0000EA
efgtoa@w                                       cstackBANK0  0000D4
end_of_initialization                          cinit        0045B8
floorf@F527                                    bssBANK0     00009C
floorf@e                                       cstackCOMRAM 00002C
floorf@m                                       cstackCOMRAM 000028
floorf@u                                       cstackCOMRAM 00002E
floorf@x                                       cstackCOMRAM 00001E
fputc@c                                        cstackCOMRAM 000007
fputc@fp                                       cstackCOMRAM 000009
fputs@c                                        cstackCOMRAM 000014
fputs@fp                                       cstackCOMRAM 000012
fputs@i                                        cstackCOMRAM 000015
fputs@s                                        cstackCOMRAM 000010
int$flags                                      temp         00005B
intlevel0                                      text         000000
intlevel1                                      text         000000
intlevel2                                      text         000000
intlevel3                                      text         000000
isa$std                                        (abs)        000001
isa$xinst                                      (abs)        000000
isdigit@c                                      cstackCOMRAM 000005
isspace@c                                      cstackCOMRAM 000005
isupper@c                                      cstackCOMRAM 000005
pad@buf                                        cstackCOMRAM 000019
pad@fp                                         cstackCOMRAM 000017
pad@i                                          cstackCOMRAM 00001E
pad@p                                          cstackCOMRAM 00001B
pad@w                                          cstackCOMRAM 000020
printf@ap                                      cstackBANK1  000156
printf@fmt                                     cstackBANK0  0000F4
putch@txData                                   cstackCOMRAM 000006
rd1RegCompleteHandler@ptr                      cstackCOMRAM 00000E
rd2RegCompleteHandler@ptr                      cstackCOMRAM 00000E
rdBlkRegCompleteHandler@ptr                    cstackCOMRAM 00000E
stackhi                                        (abs)        000F5F
stacklo                                        (abs)        00015A
start                                          init         0000B0
start_initialization                           cinit        004596
strcpy@d                                       cstackCOMRAM 00000D
strcpy@dest                                    cstackCOMRAM 000005
strcpy@s                                       cstackCOMRAM 00000B
strcpy@src                                     cstackCOMRAM 000007
strlen@a                                       cstackCOMRAM 000007
strlen@s                                       cstackCOMRAM 000005
strncmp@_l                                     cstackCOMRAM 000005
strncmp@_r                                     cstackCOMRAM 000007
strncmp@l                                      cstackCOMRAM 00000C
strncmp@n                                      cstackCOMRAM 000009
strncmp@r                                      cstackCOMRAM 00000E
tolower@c                                      cstackCOMRAM 00000B
ttemp5                                         temp         00005C
ttemp6                                         temp         00005F
ttemp7                                         temp         000063
vfpfcnvrt@ap                                   cstackCOMRAM 000042
vfpfcnvrt@c                                    cstackCOMRAM 000053
vfpfcnvrt@ct                                   cstackCOMRAM 000050
vfpfcnvrt@f                                    cstackCOMRAM 00004C
vfpfcnvrt@fmt                                  cstackCOMRAM 000040
vfpfcnvrt@fp                                   cstackCOMRAM 00003E
vfprintf@ap                                    cstackBANK0  0000F2
vfprintf@cfmt                                  cstackCOMRAM 000054
vfprintf@fmt                                   cstackBANK0  0000F0
vfprintf@fp                                    cstackBANK0  0000EE
wr1RegCompleteHandler@ptr                      cstackCOMRAM 00000E
wr2RegCompleteHandler@ptr                      cstackCOMRAM 00000E
wtemp8                                         temp         00005C


MODULE INFORMATION

Module		Function		Class		Link	Load	Size
C:\Program Files\Microchip\xc8\v2.32\pic\sources\c99\common\awdiv.c
		___awdiv       		CODE           	3822	0000	196

C:\Program Files\Microchip\xc8\v2.32\pic\sources\c99\common\awdiv.c estimated size: 196

C:\Program Files\Microchip\xc8\v2.32\pic\sources\c99\common\isdigit.c
		_isdigit       		CODE           	44F8	0000	56

C:\Program Files\Microchip\xc8\v2.32\pic\sources\c99\common\isdigit.c estimated size: 56

C:\Program Files\Microchip\xc8\v2.32\pic\sources\c99\common\sprcadd.c
		___flsub       		CODE           	42F2	0000	70
		___fladd       		CODE           	1CF4	0000	1216

C:\Program Files\Microchip\xc8\v2.32\pic\sources\c99\common\sprcadd.c estimated size: 1286

C:\Program Files\Microchip\xc8\v2.32\pic\sources\c99\common\doprnt.c
		_vfpfcnvrt     		CODE           	21B4	0000	1184
		_efgtoa        		CODE           	104E	0000	3238
		_pad           		CODE           	375C	0000	198
		_vfprintf      		CODE           	40C4	0000	100

C:\Program Files\Microchip\xc8\v2.32\pic\sources\c99\common\doprnt.c estimated size: 4720

C:\Program Files\Microchip\xc8\v2.32\pic\sources\c99\common\flneg.c
		___flneg       		CODE           	44C0	0000	56

C:\Program Files\Microchip\xc8\v2.32\pic\sources\c99\common\flneg.c estimated size: 56

mcc_generated_files/interrupt_manager.c
		_INTERRUPT_Initialize		CODE           	4932	0000	4
		_INTERRUPT_InterruptManager		CODE           	0008	0000	168

mcc_generated_files/interrupt_manager.c estimated size: 172

mcc_generated_files/examples/i2c_master_example.c
		_wr1RegCompleteHandler		CODE           	45C2	0000	44
		_wr2RegCompleteHandler		CODE           	4646	0000	44
		_I2C_Write1ByteRegister		CODE           	3FF0	0000	110
		_I2C_Read2ByteRegister		CODE           	3D8E	0000	134
		_rdBlkRegCompleteHandler		CODE           	4448	0000	64
		_rd1RegCompleteHandler		CODE           	461A	0000	44
		_rd2RegCompleteHandler		CODE           	45EE	0000	44

mcc_generated_files/examples/i2c_master_example.c estimated size: 484

mcc_generated_files/pin_manager.c
		_PIN_MANAGER_Initialize		CODE           	4566	0000	48

mcc_generated_files/pin_manager.c estimated size: 48

C:\Program Files\Microchip\xc8\v2.32\pic\sources\c99\common\atoi.c
		_atoi          		CODE           	31DE	0000	410

C:\Program Files\Microchip\xc8\v2.32\pic\sources\c99\common\atoi.c estimated size: 410

C:\Program Files\Microchip\xc8\v2.32\pic\sources\c99\common\nf_fputs.c
		_fputs         		CODE           	437E	0000	68

C:\Program Files\Microchip\xc8\v2.32\pic\sources\c99\common\nf_fputs.c estimated size: 68

C:\Program Files\Microchip\xc8\v2.32\pic\sources\c99\common\fleq.c
		___fleq        		CODE           	3B1A	0000	170

C:\Program Files\Microchip\xc8\v2.32\pic\sources\c99\common\fleq.c estimated size: 170

C:\Program Files\Microchip\xc8\v2.32\pic\sources\c99\common\__fpclassifyf.c
		___fpclassifyf 		CODE           	3582	0000	254

C:\Program Files\Microchip\xc8\v2.32\pic\sources\c99\common\__fpclassifyf.c estimated size: 254

C:\Program Files\Microchip\xc8\v2.32\pic\sources\c99\common\isupper.c
		_isupper       		CODE           	4488	0000	56

C:\Program Files\Microchip\xc8\v2.32\pic\sources\c99\common\isupper.c estimated size: 56

C:\Program Files\Microchip\xc8\v2.32\pic\sources\c99\common\Umul16.c
		___wmul        		CODE           	46F2	0000	38

C:\Program Files\Microchip\xc8\v2.32\pic\sources\c99\common\Umul16.c estimated size: 38

C:\Program Files\Microchip\xc8\v2.32\pic\sources\c99\common\isspace.c
		_isspace       		CODE           	42A0	0000	82

C:\Program Files\Microchip\xc8\v2.32\pic\sources\c99\common\isspace.c estimated size: 82

C:\Program Files\Microchip\xc8\v2.32\pic\sources\c99\common\strncmp.c
		_strncmp       		CODE           	3680	0000	220

C:\Program Files\Microchip\xc8\v2.32\pic\sources\c99\common\strncmp.c estimated size: 220

C:\Program Files\Microchip\xc8\v2.32\pic\sources\c99\common\tolower.c
		_tolower       		CODE           	418A	0000	96

C:\Program Files\Microchip\xc8\v2.32\pic\sources\c99\common\tolower.c estimated size: 96

shared
		__initialization		CODE           	4596	0000	34
		_fsmStateTable 		SMALLCONST     	1001	0000	32

shared estimated size: 66

C:\Program Files\Microchip\xc8\v2.32\pic\sources\c99\common\sprcmul.c
		___flmul       		CODE           	2654	0000	1066

C:\Program Files\Microchip\xc8\v2.32\pic\sources\c99\common\sprcmul.c estimated size: 1066

C:\Program Files\Microchip\xc8\v2.32\pic\sources\c99\common\awmod.c
		___awmod       		CODE           	3A6A	0000	176

C:\Program Files\Microchip\xc8\v2.32\pic\sources\c99\common\awmod.c estimated size: 176

mcc_generated_files/mcc.c
		_OSCILLATOR_Initialize		CODE           	486A	0000	10
		_SYSTEM_Initialize		CODE           	47CE	0000	22

mcc_generated_files/mcc.c estimated size: 32

C:\Program Files\Microchip\xc8\v2.32\pic\sources\c99\common\sprcdiv.c
		___fldiv       		CODE           	2A7E	0000	922

C:\Program Files\Microchip\xc8\v2.32\pic\sources\c99\common\sprcdiv.c estimated size: 922

C:\Program Files\Microchip\xc8\v2.32\pic\sources\c99\common\fltol.c
		___fltol       		CODE           	3378	0000	262

C:\Program Files\Microchip\xc8\v2.32\pic\sources\c99\common\fltol.c estimated size: 262

mcc_generated_files/i2c_master.c
		_I2C_Close     		CODE           	4672	0000	44
		_I2C_MasterStartRx		CODE           	490E	0000	4
		_I2C_DO_SEND_ADR_WRITE		CODE           	481C	0000	16
		_I2C_MasterWaitForEvent		CODE           	480C	0000	16
		_I2C_DO_SEND_STOP		CODE           	48C6	0000	8
		_I2C_MasterSendNack		CODE           	48F4	0000	6
		_I2C_MasterDisableIrq		CODE           	4926	0000	4
		_I2C_CallbackReturnStop		CODE           	4916	0000	4
		_I2C_MasterOperation		CODE           	43C2	0000	68
		_I2C_DO_SEND_ADR_READ		CODE           	482C	0000	16
		_I2C_DO_RX_NACK_STOP		CODE           	48B6	0000	8
		_I2C_DO_SEND_RESTART		CODE           	48CE	0000	8
		_I2C_DO_RX     		CODE           	3BC4	0000	166
		_I2C_DO_TX     		CODE           	38E6	0000	196
		_I2C_DO_IDLE   		CODE           	4854	0000	12
		_I2C_DO_RCEN   		CODE           	4848	0000	12
		_I2C_Poller    		CODE           	4780	0000	30
		_I2C_DO_RESET  		CODE           	483C	0000	12
		_I2C_MasterClose		CODE           	492A	0000	4
		_I2C_MasterWrite		CODE           	48A6	0000	8
		_I2C_DO_RX_ACK 		CODE           	48BE	0000	8
		_I2C_MasterStart		CODE           	4922	0000	4
		_I2C_MasterClearIrq		CODE           	492E	0000	4
		_I2C_MasterGetRxData		CODE           	490A	0000	4
		_I2C_SetCallback		CODE           	3E90	0000	122
		_I2C_DO_ADDRESS_NACK		CODE           	405E	0000	102
		_I2C_MasterEnableRestart		CODE           	491E	0000	4
		_I2C_CallbackReturnReset		CODE           	4912	0000	4
		_I2C_Open      		CODE           	3D00	0000	142
		_I2C_SetAddressNackCallback		CODE           	479E	0000	24
		_I2C_DO_TX_EMPTY		CODE           	3E14	0000	124
		_I2C_DO_SEND_RESTART_WRITE		CODE           	48D6	0000	8
		_I2C_MasterIsNack		CODE           	47E4	0000	20
		_I2C_SetDataCompleteCallback		CODE           	47B6	0000	24
		_I2C_DO_RX_NACK_RESTART		CODE           	48AE	0000	8
		_I2C_MasterSendAck		CODE           	48EE	0000	6
		_I2C_MasterFsm 		CODE           	3F80	0000	112
		_I2C_MasterSetIrq		CODE           	4906	0000	4
		_I2C_DO_SEND_RESTART_READ		CODE           	48DE	0000	8
		_I2C_Initialize		CODE           	47F8	0000	20
		_I2C_SetBuffer 		CODE           	4718	0000	36
		_I2C_MasterOpen		CODE           	475E	0000	34
		_I2C_MasterSendTxData		CODE           	48E6	0000	8
		_I2C_MasterStop		CODE           	491A	0000	4

mcc_generated_files/i2c_master.c estimated size: 1476

veml6030.c
		_VEML6030_Init 		CODE           	473C	0000	34
		_VEML6030_GetValue		CODE           	4338	0000	70

veml6030.c estimated size: 104

C:\Program Files\Microchip\xc8\v2.32\pic\sources\c99\common\xxtofl.c
		___xxtofl      		CODE           	302A	0000	436

C:\Program Files\Microchip\xc8\v2.32\pic\sources\c99\common\xxtofl.c estimated size: 436

C:\Program Files\Microchip\xc8\v2.32\pic\sources\c99\common\printf.c
		_printf        		CODE           	469E	0000	42

C:\Program Files\Microchip\xc8\v2.32\pic\sources\c99\common\printf.c estimated size: 42

C:\Program Files\Microchip\xc8\v2.32\pic\sources\c99\common\nf_fputc.c
		_fputc         		CODE           	3C6A	0000	150

C:\Program Files\Microchip\xc8\v2.32\pic\sources\c99\common\nf_fputc.c estimated size: 150

mcc_generated_files/eusart.c
		_EUSART_SetRxInterruptHandler		CODE           	487E	0000	10
		_EUSART_SetTxInterruptHandler		CODE           	4874	0000	10
		_putch         		CODE           	4860	0000	10
		_EUSART_DefaultOverrunErrorHandler		CODE           	48FA	0000	6
		_EUSART_Write  		CODE           	4248	0000	88
		_EUSART_DefaultErrorHandler		CODE           	4900	0000	6
		_EUSART_Transmit_ISR		CODE           	4406	0000	66
		_EUSART_Initialize		CODE           	3F0A	0000	118
		_EUSART_SetFramingErrorHandler		CODE           	4892	0000	10
		_EUSART_SetErrorHandler		CODE           	489C	0000	10
		_EUSART_SetOverrunErrorHandler		CODE           	4888	0000	10
		_EUSART_Receive_ISR		CODE           	39AA	0000	192
		_EUSART_RxDataHandler		CODE           	46C8	0000	42
		_EUSART_DefaultFramingErrorHandler		CODE           	4936	0000	2

mcc_generated_files/eusart.c estimated size: 580

main.c
		_main          		CODE           	4128	0000	98

main.c estimated size: 98

C:\Program Files\Microchip\xc8\v2.32\pic\sources\c99\common\strlen.c
		_strlen        		CODE           	4530	0000	54

C:\Program Files\Microchip\xc8\v2.32\pic\sources\c99\common\strlen.c estimated size: 54

C:\Program Files\Microchip\xc8\v2.32\pic\sources\c99\common\flge.c
		___flge        		CODE           	347E	0000	260

C:\Program Files\Microchip\xc8\v2.32\pic\sources\c99\common\flge.c estimated size: 260

C:\Program Files\Microchip\xc8\v2.32\pic\sources\c99\common\floorf.c
		_floorf        		CODE           	2E18	0000	530

C:\Program Files\Microchip\xc8\v2.32\pic\sources\c99\common\floorf.c estimated size: 530

C:\Program Files\Microchip\xc8\v2.32\pic\sources\c99\common\strcpy.c
		_strcpy        		CODE           	41EA	0000	94

C:\Program Files\Microchip\xc8\v2.32\pic\sources\c99\common\strcpy.c estimated size: 94

