Microchip MPLAB XC8 Compiler V2.32

Linker command line:

-W-3 --edf=C:\Program Files\Microchip\xc8\v2.32\pic\dat\en_msgs.txt -cn \
  -h+dist/default/production\VEML6030MK1v1.0.X.production.sym \
  --cmf=dist/default/production\VEML6030MK1v1.0.X.production.cmf -z \
  -Q18F46K20 -oC:\Users\Torben\AppData\Local\Temp\xcAs1h4s.4 \
  --defsym=__MPLAB_BUILD=1 \
  -Mdist/default/production/VEML6030MK1v1.0.X.production.map -E1 \
  -ver=XC8 Compiler --acfsm=1493 -ASTACK=015Ah-0F5Fh -pstack=STACK \
  -ACODE=00h-0FFFFh -ACONST=00h-0FFFFh -ASMALLCONST=01000h-010FFhx240 \
  -AMEDIUMCONST=01000h-0FFFFh -ACOMRAM=01h-05Fh -AABS1=00h-0F5Fh \
  -ABIGRAM=01h-0F5Fh -ARAM=060h-0FFh,0100h-01FFhx14,0F00h-0F5Fh \
  -ABANK0=060h-0FFh -ABANK1=0100h-01FFh -ABANK2=0200h-02FFh \
  -ABANK3=0300h-03FFh -ABANK4=0400h-04FFh -ABANK5=0500h-05FFh \
  -ABANK6=0600h-06FFh -ABANK7=0700h-07FFh -ABANK8=0800h-08FFh \
  -ABANK9=0900h-09FFh -ABANK10=0A00h-0AFFh -ABANK11=0B00h-0BFFh \
  -ABANK12=0C00h-0CFFh -ABANK13=0D00h-0DFFh -ABANK14=0E00h-0EFFh \
  -ABANK15=0F00h-0F5Fh -ASFR=0F60h-0FFFh -ACONFIG=0300000h-030000Dh \
  -AIDLOC=0200000h-0200007h -AEEDATA=0F00000h-0F003FFh -peeprom_data=EEDATA \
  -preset_vec=00h,intcode=08h,intcodelo,powerup,init -pramtop=01000h \
  -psmallconst=SMALLCONST -pmediumconst=MEDIUMCONST -pconst=CONST \
  -AFARRAM=00h-00h \
  -prdata=COMRAM,nvrram=COMRAM,nvbit=COMRAM,rbss=COMRAM,rbit=COMRAM \
  -pfarbss=FARRAM,fardata=FARRAM,nvFARRAM=FARRAM \
  -pintsave_regs=BIGRAM,bigbss=BIGRAM,bigdata=BIGRAM -pbss=RAM \
  -pidata=CODE,irdata=CODE,ibigdata=CODE,ifardata=CODE -prparam=COMRAM \
  C:\Users\Torben\AppData\Local\Temp\xcAs1h4s.o \
  dist/default/production\VEML6030MK1v1.0.X.production.o 

Object code version is 3.11

Machine type is 18F46K20



                Name                               Link     Load   Length Selector   Space Scale
C:\Users\Torben\AppData\Local\Temp\xcAs1h4s.o
                idloc                            200000   200000        8        0       5
                config                           300000   300000        E        0       4
                init                                 B0       B0        4        4       0
                reset_vec                             0        0        4        0       0
dist/default/production\VEML6030MK1v1.0.X.production.o
                intcode                               8        8       A8        4       0
                idloc                            200000   200000        8        0       5
                config                           300000   300000        E        0       4
                temp                                 5B       5B        1        1       1
                smallconst                         1000     1000       4A      800       0
                text98                             43F4     43F4       2A      825       0
                text97                             460C     460C        6      825       0
                text96                             4642     4642        2      825       0
                text95                             4606     4606        6      825       0
                text94                             36E8     36E8       BE      825       0
                text93                             415E     415E       42      825       0
                text91                             45A8     45A8        A      825       0
                text90                             459E     459E        A      825       0
                text89                             4594     4594        A      825       0
                text88                             458A     458A        A      825       0
                text87                             4580     4580        A      825       0
                text86                             3C46     3C46       76      825       0
                text85                             4504     4504       14      825       0
                text84                             463E     463E        4      825       0
                text83                             4576     4576        A      825       0
                text82                             42BC     42BC       30      825       0
                text81                             44DA     44DA       16      825       0
                text80                             463A     463A        4      825       0
                text79                             4636     4636        4      825       0
                text78                             4632     4632        4      825       0
                text77                             43C8     43C8       2C      825       0
                text76                             462E     462E        4      825       0
                text75                             462A     462A        4      825       0
                text74                             4626     4626        4      825       0
                text73                             4446     4446       24      825       0
                text72                             3BCC     3BCC       7A      825       0
                text71                             44C2     44C2       18      825       0
                text70                             439C     439C       2C      825       0
                text69                             4370     4370       2C      825       0
                text68                             4344     4344       2C      825       0
                text67                             4318     4318       2C      825       0
                text66                             41A0     41A0       40      825       0
                text65                             4622     4622        4      825       0
                text64                             461E     461E        4      825       0
                text63                             461A     461A        4      825       0
                text62                             4600     4600        6      825       0
                text61                             4616     4616        4      825       0
                text60                             45FA     45FA        6      825       0
                text59                             45F2     45F2        8      825       0
                text58                             44F0     44F0       14      825       0
                text57                             4612     4612        4      825       0
                text56                             3B50     3B50       7C      825       0
                text55                             4560     4560        C      825       0
                text54                             4538     4538       10      825       0
                text53                             4528     4528       10      825       0
                text52                             3624     3624       C4      825       0
                text51                             3900     3900       A6      825       0
                text50                             4554     4554        C      825       0
                text49                             45EA     45EA        8      825       0
                text48                             45E2     45E2        8      825       0
                text47                             45DA     45DA        8      825       0
                text46                             45D2     45D2        8      825       0
                text45                             45CA     45CA        8      825       0
                text44                             45C2     45C2        8      825       0
                text43                             45BA     45BA        8      825       0
                text42                             4548     4548        C      825       0
                text41                             3E08     3E08       66      825       0
                text40                             3CBC     3CBC       70      825       0
                text39                             4518     4518       10      825       0
                text38                             448C     448C       1E      825       0
                text37                             411A     411A       44      825       0
                text36                             45B2     45B2        8      825       0
                text35                             446A     446A       22      825       0
                text34                             3A3C     3A3C       8E      825       0
                text33                             44AA     44AA       18      825       0
                text32                             3ACA     3ACA       86      825       0
                text31                             2F02     2F02      1B4      825       0
                text30                             4090     4090       46      825       0
                text29                             3D9A     3D9A       6E      825       0
                text28                             3D2C     3D2C       6E      825       0
                text27                             4286     4286       36      825       0
                text26                             3560     3560       C4      825       0
                text25                             37A6     37A6       B0      825       0
                text24                             25DA     25DA      39A      825       0
                text23                             3856     3856       AA      825       0
                text22                             31BC     31BC      104      825       0
                text21                             21B0     21B0      42A      825       0
                text20                             4218     4218       38      825       0
                text19                             1CF0     1CF0      4C0      825       0
                text18                             404A     404A       46      825       0
                text17                             30B6     30B6      106      825       0
                text16                             32C0     32C0       FE      825       0
                text15                             2CF0     2CF0      212      825       0
                text14                             3FF2     3FF2       58      825       0
                text13                             456C     456C        A      825       0
                text12                             39A6     39A6       96      825       0
                text11                             40D6     40D6       44      825       0
                text10                             4250     4250       36      825       0
                text9                              349A     349A       C6      825       0
                text8                              3F94     3F94       5E      825       0
                text7                              41E0     41E0       38      825       0
                text6                              3F34     3F34       60      825       0
                text5                              104A     104A      CA6      825       0
                text4                              33BE     33BE       DC      825       0
                text3                              2974     2974      37C      825       0
                text2                              3E6E     3E6E       64      825       0
                text1                              441E     441E       28      825       0
                text0                              3ED2     3ED2       62      825       0
                cstackCOMRAM                          1        1       55        1       1
                cstackBANK0                          B6       B6       40       60       1
                cstackBANK1                         150      150        6      100       1
                bssBANK1                            100      100       50      100       1
                bssBANK0                             60       60       56       60       1
                bssCOMRAM                            56       56        5        1       1
                cinit                              42EC     42EC       2C      825       0
                nvBANK1                             156      156        4      100       1
                nvBANK0                              F6       F6        7       60       1

TOTAL           Name                               Link     Load   Length     Space
        CLASS   STACK          

        CLASS   CODE           
                intcode                               8        8       A8         0
                init                                 B0       B0        4         0
                reset_vec                             0        0        4         0
                text98                             43F4     43F4       2A         0
                text97                             460C     460C        6         0
                text96                             4642     4642        2         0
                text95                             4606     4606        6         0
                text94                             36E8     36E8       BE         0
                text93                             415E     415E       42         0
                text91                             45A8     45A8        A         0
                text90                             459E     459E        A         0
                text89                             4594     4594        A         0
                text88                             458A     458A        A         0
                text87                             4580     4580        A         0
                text86                             3C46     3C46       76         0
                text85                             4504     4504       14         0
                text84                             463E     463E        4         0
                text83                             4576     4576        A         0
                text82                             42BC     42BC       30         0
                text81                             44DA     44DA       16         0
                text80                             463A     463A        4         0
                text79                             4636     4636        4         0
                text78                             4632     4632        4         0
                text77                             43C8     43C8       2C         0
                text76                             462E     462E        4         0
                text75                             462A     462A        4         0
                text74                             4626     4626        4         0
                text73                             4446     4446       24         0
                text72                             3BCC     3BCC       7A         0
                text71                             44C2     44C2       18         0
                text70                             439C     439C       2C         0
                text69                             4370     4370       2C         0
                text68                             4344     4344       2C         0
                text67                             4318     4318       2C         0
                text66                             41A0     41A0       40         0
                text65                             4622     4622        4         0
                text64                             461E     461E        4         0
                text63                             461A     461A        4         0
                text62                             4600     4600        6         0
                text61                             4616     4616        4         0
                text60                             45FA     45FA        6         0
                text59                             45F2     45F2        8         0
                text58                             44F0     44F0       14         0
                text57                             4612     4612        4         0
                text56                             3B50     3B50       7C         0
                text55                             4560     4560        C         0
                text54                             4538     4538       10         0
                text53                             4528     4528       10         0
                text52                             3624     3624       C4         0
                text51                             3900     3900       A6         0
                text50                             4554     4554        C         0
                text49                             45EA     45EA        8         0
                text48                             45E2     45E2        8         0
                text47                             45DA     45DA        8         0
                text46                             45D2     45D2        8         0
                text45                             45CA     45CA        8         0
                text44                             45C2     45C2        8         0
                text43                             45BA     45BA        8         0
                text42                             4548     4548        C         0
                text41                             3E08     3E08       66         0
                text40                             3CBC     3CBC       70         0
                text39                             4518     4518       10         0
                text38                             448C     448C       1E         0
                text37                             411A     411A       44         0
                text36                             45B2     45B2        8         0
                text35                             446A     446A       22         0
                text34                             3A3C     3A3C       8E         0
                text33                             44AA     44AA       18         0
                text32                             3ACA     3ACA       86         0
                text31                             2F02     2F02      1B4         0
                text30                             4090     4090       46         0
                text29                             3D9A     3D9A       6E         0
                text28                             3D2C     3D2C       6E         0
                text27                             4286     4286       36         0
                text26                             3560     3560       C4         0
                text25                             37A6     37A6       B0         0
                text24                             25DA     25DA      39A         0
                text23                             3856     3856       AA         0
                text22                             31BC     31BC      104         0
                text21                             21B0     21B0      42A         0
                text20                             4218     4218       38         0
                text19                             1CF0     1CF0      4C0         0
                text18                             404A     404A       46         0
                text17                             30B6     30B6      106         0
                text16                             32C0     32C0       FE         0
                text15                             2CF0     2CF0      212         0
                text14                             3FF2     3FF2       58         0
                text13                             456C     456C        A         0
                text12                             39A6     39A6       96         0
                text11                             40D6     40D6       44         0
                text10                             4250     4250       36         0
                text9                              349A     349A       C6         0
                text8                              3F94     3F94       5E         0
                text7                              41E0     41E0       38         0
                text6                              3F34     3F34       60         0
                text5                              104A     104A      CA6         0
                text4                              33BE     33BE       DC         0
                text3                              2974     2974      37C         0
                text2                              3E6E     3E6E       64         0
                text1                              441E     441E       28         0
                text0                              3ED2     3ED2       62         0
                cinit                              42EC     42EC       2C         0

        CLASS   CONST          

        CLASS   SMALLCONST     
                smallconst                         1000     1000       4A         0

        CLASS   MEDIUMCONST    

        CLASS   COMRAM         
                temp                                 5B       5B        1         1
                cstackCOMRAM                          1        1       55         1
                bssCOMRAM                            56       56        5         1

        CLASS   ABS1           

        CLASS   BIGRAM         

        CLASS   RAM            

        CLASS   BANK0          
                cstackBANK0                          B6       B6       40         1
                bssBANK0                             60       60       56         1
                nvBANK0                              F6       F6        7         1

        CLASS   BANK1          
                cstackBANK1                         150      150        6         1
                bssBANK1                            100      100       50         1
                nvBANK1                             156      156        4         1

        CLASS   BANK2          

        CLASS   BANK3          

        CLASS   BANK4          

        CLASS   BANK5          

        CLASS   BANK6          

        CLASS   BANK7          

        CLASS   BANK8          

        CLASS   BANK9          

        CLASS   BANK10         

        CLASS   BANK11         

        CLASS   BANK12         

        CLASS   BANK13         

        CLASS   BANK14         

        CLASS   BANK15         

        CLASS   SFR            

        CLASS   CONFIG         
                config                           300000   300000        E         4

        CLASS   IDLOC          
                idloc                            200000   200000        8         5

        CLASS   EEDATA         

        CLASS   FARRAM         



SEGMENTS        Name                           Load    Length   Top    Selector   Space  Class

                reset_vec                      000000  000004  000004         0       0  CODE    
                cstackCOMRAM                   000001  00005B  00005C         1       1  COMRAM  
                intcode                        000008  0000AC  0000B4         4       0  CODE    
                bssBANK0                       000060  00009D  0000FD        60       1  BANK0   
                bssBANK1                       000100  00005A  00015A       100       1  BANK1   
                smallconst                     001000  00004A  00104A       800       0  SMALLCON
                text5                          00104A  0035FA  004644       825       0  CODE    


UNUSED ADDRESS RANGES

        Name                Unused          Largest block    Delta
        BANK0            0000FD-0000FF                3
        BANK1            00015A-0001FF               A6
        BANK10           000A00-000AFF              100
        BANK11           000B00-000BFF              100
        BANK12           000C00-000CFF              100
        BANK13           000D00-000DFF              100
        BANK14           000E00-000EFF              100
        BANK15           000F00-000F5F               60
        BANK2            000200-0002FF              100
        BANK3            000300-0003FF              100
        BANK4            000400-0004FF              100
        BANK5            000500-0005FF              100
        BANK6            000600-0006FF              100
        BANK7            000700-0007FF              100
        BANK8            000800-0008FF              100
        BANK9            000900-0009FF              100
        BIGRAM           00005C-00005F                4
                         0000FD-0000FF                3
                         00015A-000F5F              E06
        CODE             000004-000007                4
                         0000B4-000FFF              F4C
                         004644-00FFFF             B9BC
        COMRAM           00005C-00005F                4
        CONST            000004-000007                4
                         0000B4-000FFF              F4C
                         004644-00FFFF             B9BC
        EEDATA           F00000-F003FF              400
        MEDIUMCONST      004644-00FFFF             B9BC
        RAM              0000FD-0000FF                3
                         00015A-000F5F              100
        SFR              000F60-000FFF               A0
        SMALLCONST       004644-00FFFF              100
        STACK            00015A-000F5F              E06

                                  Symbol Table

?_I2C_Read2ByteRegister                        cstackCOMRAM 000016
?_VEML6030_GetValue                            cstackCOMRAM 00001E
?___awdiv                                      cstackCOMRAM 000005
?___awmod                                      cstackCOMRAM 000005
?___fladd                                      cstackCOMRAM 000005
?___fldiv                                      cstackCOMRAM 000005
?___flmul                                      cstackCOMRAM 000005
?___flneg                                      cstackCOMRAM 000005
?___flsub                                      cstackCOMRAM 00001E
?___fltol                                      cstackCOMRAM 000005
?___fpclassifyf                                cstackCOMRAM 000005
?___xxtofl                                     cstackCOMRAM 000005
?_efgtoa                                       cstackCOMRAM 000032
?_floorf                                       cstackCOMRAM 00001E
?_isupper                                      cstackCOMRAM 000005
?_pad                                          cstackCOMRAM 000017
?_printf                                       cstackBANK1  000150
?_strlen                                       cstackCOMRAM 000005
?_strncmp                                      cstackCOMRAM 000005
?_tolower                                      cstackCOMRAM 00000B
?_vfpfcnvrt                                    cstackCOMRAM 00003E
?_vfprintf                                     cstackBANK0  0000EE
EUSART_SetErrorHandler@interruptHandler        cstackCOMRAM 000005
EUSART_SetFramingErrorHandler@interruptHandler cstackCOMRAM 000005
EUSART_SetOverrunErrorHandler@interruptHandler cstackCOMRAM 000005
EUSART_SetRxInterruptHandler@interruptHandler  cstackCOMRAM 000005
EUSART_SetTxInterruptHandler@interruptHandler  cstackCOMRAM 000005
EUSART_Write@txData                            cstackCOMRAM 000005
I2C_CallbackReturnReset@funPtr                 cstackCOMRAM 00000E
I2C_Close@returnValue                          cstackCOMRAM 000005
I2C_MasterOperation@read                       cstackCOMRAM 000014
I2C_MasterOperation@returnValue                cstackCOMRAM 000015
I2C_MasterSendTxData@data                      cstackCOMRAM 000005
I2C_Open@address                               cstackCOMRAM 000005
I2C_Open@returnValue                           cstackCOMRAM 000006
I2C_Read2ByteRegister@address                  cstackCOMRAM 00001B
I2C_Read2ByteRegister@reg                      cstackCOMRAM 000016
I2C_Read2ByteRegister@returnValue              cstackCOMRAM 00001C
I2C_SetAddressNackCallback@cb                  cstackCOMRAM 00000A
I2C_SetAddressNackCallback@ptr                 cstackCOMRAM 00000C
I2C_SetBuffer@buffer                           cstackCOMRAM 000005
I2C_SetBuffer@bufferSize                       cstackCOMRAM 000007
I2C_SetCallback@cb                             cstackCOMRAM 000005
I2C_SetCallback@idx                            cstackCOMRAM 000009
I2C_SetCallback@ptr                            cstackCOMRAM 000007
I2C_SetDataCompleteCallback@cb                 cstackCOMRAM 00000A
I2C_SetDataCompleteCallback@ptr                cstackCOMRAM 00000C
I2C_Write1ByteRegister@address                 cstackCOMRAM 000018
I2C_Write1ByteRegister@data                    cstackCOMRAM 000017
I2C_Write1ByteRegister@reg                     cstackCOMRAM 000016
I2C_Write2ByteRegister@address                 cstackCOMRAM 000019
I2C_Write2ByteRegister@data                    cstackCOMRAM 000017
I2C_Write2ByteRegister@reg                     cstackCOMRAM 000016
VEML6030_GetValue@data                         cstackCOMRAM 000026
VEML6030_GetValue@lightDataAnz                 cstackCOMRAM 000022
VEML6030_Init@config                           cstackCOMRAM 00001E
_ANSEL                                         (abs)        000F7E
_ANSELH                                        (abs)        000F7F
_BAUDCON                                       (abs)        000FB8
_EUSART_DefaultErrorHandler                    text97       00460C
_EUSART_DefaultFramingErrorHandler             text96       004642
_EUSART_DefaultOverrunErrorHandler             text95       004606
_EUSART_ErrorHandler                           nvBANK1      000156
_EUSART_FramingErrorHandler                    nvBANK0      0000F6
_EUSART_Initialize                             text86       003C46
_EUSART_OverrunErrorHandler                    nvBANK1      000158
_EUSART_Receive_ISR                            text94       0036E8
_EUSART_RxDataHandler                          text98       0043F4
_EUSART_RxDefaultInterruptHandler              nvBANK0      0000F8
_EUSART_SetErrorHandler                        text91       0045A8
_EUSART_SetFramingErrorHandler                 text90       00459E
_EUSART_SetOverrunErrorHandler                 text89       004594
_EUSART_SetRxInterruptHandler                  text88       00458A
_EUSART_SetTxInterruptHandler                  text87       004580
_EUSART_Transmit_ISR                           text93       00415E
_EUSART_TxDefaultInterruptHandler              nvBANK0      0000FA
_EUSART_Write                                  text14       003FF2
_I2C_CallbackReturnReset                       text64       00461E
_I2C_CallbackReturnStop                        text65       004622
_I2C_Close                                     text77       0043C8
_I2C_DO_ADDRESS_NACK                           text41       003E08
_I2C_DO_IDLE                                   text55       004560
_I2C_DO_RCEN                                   text50       004554
_I2C_DO_RESET                                  text42       004548
_I2C_DO_RX                                     text51       003900
_I2C_DO_RX_ACK                                 text45       0045CA
_I2C_DO_RX_NACK_RESTART                        text43       0045BA
_I2C_DO_RX_NACK_STOP                           text44       0045C2
_I2C_DO_SEND_ADR_READ                          text54       004538
_I2C_DO_SEND_ADR_WRITE                         text53       004528
_I2C_DO_SEND_RESTART                           text47       0045DA
_I2C_DO_SEND_RESTART_READ                      text49       0045EA
_I2C_DO_SEND_RESTART_WRITE                     text48       0045E2
_I2C_DO_SEND_STOP                              text46       0045D2
_I2C_DO_TX                                     text52       003624
_I2C_DO_TX_EMPTY                               text56       003B50
_I2C_Initialize                                text85       004504
_I2C_MasterClearIrq                            text80       00463A
_I2C_MasterClose                               text79       004636
_I2C_MasterDisableIrq                          text78       004632
_I2C_MasterEnableRestart                       text75       00462A
_I2C_MasterFsm                                 text40       003CBC
_I2C_MasterGetRxData                           text61       004616
_I2C_MasterIsNack                              text58       0044F0
_I2C_MasterOpen                                text35       00446A
_I2C_MasterOperation                           text37       00411A
_I2C_MasterSendAck                             text60       0045FA
_I2C_MasterSendNack                            text62       004600
_I2C_MasterSendTxData                          text59       0045F2
_I2C_MasterSetIrq                              text57       004612
_I2C_MasterStart                               text76       00462E
_I2C_MasterStartRx                             text63       00461A
_I2C_MasterStop                                text74       004626
_I2C_MasterWaitForEvent                        text39       004518
_I2C_MasterWrite                               text36       0045B2
_I2C_Open                                      text34       003A3C
_I2C_Poller                                    text38       00448C
_I2C_Read2ByteRegister                         text32       003ACA
_I2C_SetAddressNackCallback                    text33       0044AA
_I2C_SetBuffer                                 text73       004446
_I2C_SetCallback                               text72       003BCC
_I2C_SetDataCompleteCallback                   text71       0044C2
_I2C_Status                                    bssBANK0     000060
_I2C_Write1ByteRegister                        text29       003D9A
_I2C_Write2ByteRegister                        text28       003D2C
_INTCON2bits                                   (abs)        000FF1
_INTCONbits                                    (abs)        000FF2
_INTERRUPT_Initialize                          text84       00463E
_INTERRUPT_InterruptManager                    intcode      000008
_LATA                                          (abs)        000F89
_LATB                                          (abs)        000F8A
_LATC                                          (abs)        000F8B
_LATD                                          (abs)        000F8C
_LATE                                          (abs)        000F8D
_OSCCON                                        (abs)        000FD3
_OSCILLATOR_Initialize                         text83       004576
_OSCTUNE                                       (abs)        000F9B
_PIE1bits                                      (abs)        000F9D
_PIN_MANAGER_Initialize                        text82       0042BC
_PIR1bits                                      (abs)        000F9E
_PIR2bits                                      (abs)        000FA1
_RCONbits                                      (abs)        000FD0
_RCREG                                         (abs)        000FAE
_RCSTA                                         (abs)        000FAB
_RCSTAbits                                     (abs)        000FAB
_SPBRG                                         (abs)        000FAF
_SPBRGH                                        (abs)        000FB0
_SSPADD                                        (abs)        000FC8
_SSPBUF                                        (abs)        000FC9
_SSPCON1                                       (abs)        000FC6
_SSPCON1bits                                   (abs)        000FC6
_SSPCON2                                       (abs)        000FC5
_SSPCON2bits                                   (abs)        000FC5
_SSPSTAT                                       (abs)        000FC7
_SSPSTATbits                                   (abs)        000FC7
_SYSTEM_Initialize                             text81       0044DA
_TRISA                                         (abs)        000F92
_TRISB                                         (abs)        000F93
_TRISC                                         (abs)        000F94
_TRISD                                         (abs)        000F95
_TRISE                                         (abs)        000F96
_TXREG                                         (abs)        000FAD
_TXSTA                                         (abs)        000FAC
_TXSTAbits                                     (abs)        000FAC
_VEML6030_GetValue                             text30       004090
_VEML6030_Init                                 text27       004286
_WPUB                                          (abs)        000F7C
__HRAM                                         (abs)        000000
__Habs1                                        abs1         000000
__Hbank0                                       bank0        000000
__Hbank1                                       bank1        000000
__Hbank10                                      bank10       000000
__Hbank11                                      bank11       000000
__Hbank12                                      bank12       000000
__Hbank13                                      bank13       000000
__Hbank14                                      bank14       000000
__Hbank15                                      bank15       000000
__Hbank2                                       bank2        000000
__Hbank3                                       bank3        000000
__Hbank4                                       bank4        000000
__Hbank5                                       bank5        000000
__Hbank6                                       bank6        000000
__Hbank7                                       bank7        000000
__Hbank8                                       bank8        000000
__Hbank9                                       bank9        000000
__Hbigbss                                      bigbss       000000
__Hbigdata                                     bigdata      000000
__Hbigram                                      bigram       000000
__Hbss                                         bss          000000
__HbssBANK0                                    bssBANK0     000000
__HbssBANK1                                    bssBANK1     000000
__HbssCOMRAM                                   bssCOMRAM    000000
__Hcinit                                       cinit        000000
__Hclrtext                                     clrtext      000000
__Hcomram                                      comram       000000
__Hconfig                                      config       30000E
__Hconst                                       const        000000
__HcstackBANK0                                 cstackBANK0  000000
__HcstackBANK1                                 cstackBANK1  000000
__HcstackCOMRAM                                cstackCOMRAM 000000
__Hdata                                        data         000000
__Heeprom_data                                 eeprom_data  000000
__Hfarbss                                      farbss       000000
__Hfardata                                     fardata      000000
__Hibigdata                                    ibigdata     000000
__Hidata                                       idata        000000
__Hidloc                                       idloc        200008
__Hifardata                                    ifardata     000000
__Hinit                                        init         0000B4
__Hintcode                                     intcode      0000B0
__Hintcode_body                                intcode_body 000000
__Hintcodelo                                   intcodelo    0000B0
__Hintentry                                    intentry     000000
__Hintret                                      intret       000000
__Hintsave_regs                                intsave_regs 000000
__Hirdata                                      irdata       000000
__Hmediumconst                                 mediumconst  000000
__HnvBANK0                                     nvBANK0      000000
__HnvBANK1                                     nvBANK1      000000
__HnvFARRAM                                    nvFARRAM     000000
__Hnvbit                                       nvbit        000000
__Hnvrram                                      nvrram       000000
__Hparam                                       rparam       000000
__Hpowerup                                     powerup      0000B0
__Hram                                         ram          000000
__Hramtop                                      ramtop       001000
__Hrbit                                        rbit         000000
__Hrbss                                        rbss         000000
__Hrdata                                       rdata        000000
__Hreset_vec                                   reset_vec    000004
__Hrparam                                      rparam       000000
__Hsfr                                         sfr          000000
__Hsmallconst                                  smallconst   00104A
__Hspace_0                                     (abs)        004644
__Hspace_1                                     (abs)        00015A
__Hspace_2                                     (abs)        000000
__Hspace_4                                     (abs)        60000E
__Hstack                                       stack        000000
__Hstruct                                      struct       000000
__Htemp                                        temp         00005C
__Htext                                        text         000000
__Htext0                                       text0        000000
__Htext1                                       text1        000000
__Htext10                                      text10       000000
__Htext11                                      text11       000000
__Htext12                                      text12       000000
__Htext13                                      text13       000000
__Htext14                                      text14       000000
__Htext15                                      text15       000000
__Htext16                                      text16       000000
__Htext17                                      text17       000000
__Htext18                                      text18       000000
__Htext19                                      text19       000000
__Htext2                                       text2        000000
__Htext20                                      text20       000000
__Htext21                                      text21       000000
__Htext22                                      text22       000000
__Htext23                                      text23       000000
__Htext24                                      text24       000000
__Htext25                                      text25       000000
__Htext26                                      text26       000000
__Htext27                                      text27       000000
__Htext28                                      text28       000000
__Htext29                                      text29       000000
__Htext3                                       text3        000000
__Htext30                                      text30       000000
__Htext31                                      text31       000000
__Htext32                                      text32       000000
__Htext33                                      text33       000000
__Htext34                                      text34       000000
__Htext35                                      text35       000000
__Htext36                                      text36       000000
__Htext37                                      text37       000000
__Htext38                                      text38       000000
__Htext39                                      text39       000000
__Htext4                                       text4        000000
__Htext40                                      text40       000000
__Htext41                                      text41       000000
__Htext42                                      text42       000000
__Htext43                                      text43       000000
__Htext44                                      text44       000000
__Htext45                                      text45       000000
__Htext46                                      text46       000000
__Htext47                                      text47       000000
__Htext48                                      text48       000000
__Htext49                                      text49       000000
__Htext5                                       text5        000000
__Htext50                                      text50       000000
__Htext51                                      text51       000000
__Htext52                                      text52       000000
__Htext53                                      text53       000000
__Htext54                                      text54       000000
__Htext55                                      text55       000000
__Htext56                                      text56       000000
__Htext57                                      text57       000000
__Htext58                                      text58       000000
__Htext59                                      text59       000000
__Htext6                                       text6        000000
__Htext60                                      text60       000000
__Htext61                                      text61       000000
__Htext62                                      text62       000000
__Htext63                                      text63       000000
__Htext64                                      text64       000000
__Htext65                                      text65       000000
__Htext66                                      text66       000000
__Htext67                                      text67       000000
__Htext68                                      text68       000000
__Htext69                                      text69       000000
__Htext7                                       text7        000000
__Htext70                                      text70       000000
__Htext71                                      text71       000000
__Htext72                                      text72       000000
__Htext73                                      text73       000000
__Htext74                                      text74       000000
__Htext75                                      text75       000000
__Htext76                                      text76       000000
__Htext77                                      text77       000000
__Htext78                                      text78       000000
__Htext79                                      text79       000000
__Htext8                                       text8        000000
__Htext80                                      text80       000000
__Htext81                                      text81       000000
__Htext82                                      text82       000000
__Htext83                                      text83       000000
__Htext84                                      text84       000000
__Htext85                                      text85       000000
__Htext86                                      text86       000000
__Htext87                                      text87       000000
__Htext88                                      text88       000000
__Htext89                                      text89       000000
__Htext9                                       text9        000000
__Htext90                                      text90       000000
__Htext91                                      text91       000000
__Htext93                                      text93       000000
__Htext94                                      text94       000000
__Htext95                                      text95       000000
__Htext96                                      text96       000000
__Htext97                                      text97       000000
__Htext98                                      text98       000000
__Htext99                                      text99       000000
__LRAM                                         (abs)        000001
__Labs1                                        abs1         000000
__Lbank0                                       bank0        000000
__Lbank1                                       bank1        000000
__Lbank10                                      bank10       000000
__Lbank11                                      bank11       000000
__Lbank12                                      bank12       000000
__Lbank13                                      bank13       000000
__Lbank14                                      bank14       000000
__Lbank15                                      bank15       000000
__Lbank2                                       bank2        000000
__Lbank3                                       bank3        000000
__Lbank4                                       bank4        000000
__Lbank5                                       bank5        000000
__Lbank6                                       bank6        000000
__Lbank7                                       bank7        000000
__Lbank8                                       bank8        000000
__Lbank9                                       bank9        000000
__Lbigbss                                      bigbss       000000
__Lbigdata                                     bigdata      000000
__Lbigram                                      bigram       000000
__Lbss                                         bss          000000
__LbssBANK0                                    bssBANK0     000000
__LbssBANK1                                    bssBANK1     000000
__LbssCOMRAM                                   bssCOMRAM    000000
__Lcinit                                       cinit        000000
__Lclrtext                                     clrtext      000000
__Lcomram                                      comram       000000
__Lconfig                                      config       000000
__Lconst                                       const        000000
__LcstackBANK0                                 cstackBANK0  000000
__LcstackBANK1                                 cstackBANK1  000000
__LcstackCOMRAM                                cstackCOMRAM 000000
__Ldata                                        data         000000
__Leeprom_data                                 eeprom_data  000000
__Lfarbss                                      farbss       000000
__Lfardata                                     fardata      000000
__Libigdata                                    ibigdata     000000
__Lidata                                       idata        000000
__Lidloc                                       idloc        000000
__Lifardata                                    ifardata     000000
__Linit                                        init         0000B0
__Lintcode                                     intcode      000008
__Lintcode_body                                intcode_body 000000
__Lintcodelo                                   intcodelo    0000B0
__Lintentry                                    intentry     000000
__Lintret                                      intret       000000
__Lintsave_regs                                intsave_regs 000000
__Lirdata                                      irdata       000000
__Lmediumconst                                 mediumconst  000000
__LnvBANK0                                     nvBANK0      000000
__LnvBANK1                                     nvBANK1      000000
__LnvFARRAM                                    nvFARRAM     000000
__Lnvbit                                       nvbit        000000
__Lnvrram                                      nvrram       000000
__Lparam                                       rparam       000000
__Lpowerup                                     powerup      0000B0
__Lram                                         ram          000000
__Lramtop                                      ramtop       001000
__Lrbit                                        rbit         000000
__Lrbss                                        rbss         000000
__Lrdata                                       rdata        000000
__Lreset_vec                                   reset_vec    000000
__Lrparam                                      rparam       000000
__Lsfr                                         sfr          000000
__Lsmallconst                                  smallconst   001000
__Lspace_0                                     (abs)        000000
__Lspace_1                                     (abs)        000000
__Lspace_2                                     (abs)        000000
__Lspace_4                                     (abs)        000000
__Lstack                                       stack        000000
__Lstruct                                      struct       000000
__Ltemp                                        temp         00005B
__Ltext                                        text         000000
__Ltext0                                       text0        000000
__Ltext1                                       text1        000000
__Ltext10                                      text10       000000
__Ltext11                                      text11       000000
__Ltext12                                      text12       000000
__Ltext13                                      text13       000000
__Ltext14                                      text14       000000
__Ltext15                                      text15       000000
__Ltext16                                      text16       000000
__Ltext17                                      text17       000000
__Ltext18                                      text18       000000
__Ltext19                                      text19       000000
__Ltext2                                       text2        000000
__Ltext20                                      text20       000000
__Ltext21                                      text21       000000
__Ltext22                                      text22       000000
__Ltext23                                      text23       000000
__Ltext24                                      text24       000000
__Ltext25                                      text25       000000
__Ltext26                                      text26       000000
__Ltext27                                      text27       000000
__Ltext28                                      text28       000000
__Ltext29                                      text29       000000
__Ltext3                                       text3        000000
__Ltext30                                      text30       000000
__Ltext31                                      text31       000000
__Ltext32                                      text32       000000
__Ltext33                                      text33       000000
__Ltext34                                      text34       000000
__Ltext35                                      text35       000000
__Ltext36                                      text36       000000
__Ltext37                                      text37       000000
__Ltext38                                      text38       000000
__Ltext39                                      text39       000000
__Ltext4                                       text4        000000
__Ltext40                                      text40       000000
__Ltext41                                      text41       000000
__Ltext42                                      text42       000000
__Ltext43                                      text43       000000
__Ltext44                                      text44       000000
__Ltext45                                      text45       000000
__Ltext46                                      text46       000000
__Ltext47                                      text47       000000
__Ltext48                                      text48       000000
__Ltext49                                      text49       000000
__Ltext5                                       text5        000000
__Ltext50                                      text50       000000
__Ltext51                                      text51       000000
__Ltext52                                      text52       000000
__Ltext53                                      text53       000000
__Ltext54                                      text54       000000
__Ltext55                                      text55       000000
__Ltext56                                      text56       000000
__Ltext57                                      text57       000000
__Ltext58                                      text58       000000
__Ltext59                                      text59       000000
__Ltext6                                       text6        000000
__Ltext60                                      text60       000000
__Ltext61                                      text61       000000
__Ltext62                                      text62       000000
__Ltext63                                      text63       000000
__Ltext64                                      text64       000000
__Ltext65                                      text65       000000
__Ltext66                                      text66       000000
__Ltext67                                      text67       000000
__Ltext68                                      text68       000000
__Ltext69                                      text69       000000
__Ltext7                                       text7        000000
__Ltext70                                      text70       000000
__Ltext71                                      text71       000000
__Ltext72                                      text72       000000
__Ltext73                                      text73       000000
__Ltext74                                      text74       000000
__Ltext75                                      text75       000000
__Ltext76                                      text76       000000
__Ltext77                                      text77       000000
__Ltext78                                      text78       000000
__Ltext79                                      text79       000000
__Ltext8                                       text8        000000
__Ltext80                                      text80       000000
__Ltext81                                      text81       000000
__Ltext82                                      text82       000000
__Ltext83                                      text83       000000
__Ltext84                                      text84       000000
__Ltext85                                      text85       000000
__Ltext86                                      text86       000000
__Ltext87                                      text87       000000
__Ltext88                                      text88       000000
__Ltext89                                      text89       000000
__Ltext9                                       text9        000000
__Ltext90                                      text90       000000
__Ltext91                                      text91       000000
__Ltext93                                      text93       000000
__Ltext94                                      text94       000000
__Ltext95                                      text95       000000
__Ltext96                                      text96       000000
__Ltext97                                      text97       000000
__Ltext98                                      text98       000000
__Ltext99                                      text99       000000
__S0                                           (abs)        004644
__S1                                           (abs)        00015A
__S2                                           (abs)        000000
__S4                                           (abs)        000000
__S5                                           (abs)        000000
___awdiv                                       text26       003560
___awdiv@counter                               cstackCOMRAM 000009
___awdiv@dividend                              cstackCOMRAM 000005
___awdiv@divisor                               cstackCOMRAM 000007
___awdiv@quotient                              cstackCOMRAM 00000B
___awdiv@sign                                  cstackCOMRAM 00000A
___awmod                                       text25       0037A6
___awmod@counter                               cstackCOMRAM 000009
___awmod@dividend                              cstackCOMRAM 000005
___awmod@divisor                               cstackCOMRAM 000007
___awmod@sign                                  cstackCOMRAM 00000A
___fladd                                       text19       001CF0
___fladd@a                                     cstackCOMRAM 000009
___fladd@aexp                                  cstackCOMRAM 000012
___fladd@b                                     cstackCOMRAM 000005
___fladd@bexp                                  cstackCOMRAM 000013
___fladd@grs                                   cstackCOMRAM 000014
___fladd@signs                                 cstackCOMRAM 000011
___fldiv                                       text24       0025DA
___fldiv@a                                     cstackCOMRAM 000009
___fldiv@aexp                                  cstackCOMRAM 00001D
___fldiv@b                                     cstackCOMRAM 000005
___fldiv@bexp                                  cstackCOMRAM 00001C
___fldiv@grs                                   cstackCOMRAM 000018
___fldiv@new_exp                               cstackCOMRAM 000016
___fldiv@rem                                   cstackCOMRAM 000011
___fldiv@sign                                  cstackCOMRAM 000015
___fleq                                        text23       003856
___fleq@ff1                                    cstackCOMRAM 000005
___fleq@ff2                                    cstackCOMRAM 000009
___flge                                        text22       0031BC
___flge@ff1                                    cstackCOMRAM 00001E
___flge@ff2                                    cstackCOMRAM 000022
___flmul                                       text21       0021B0
___flmul@a                                     cstackCOMRAM 000009
___flmul@aexp                                  cstackCOMRAM 000012
___flmul@b                                     cstackCOMRAM 000005
___flmul@bexp                                  cstackCOMRAM 000017
___flmul@grs                                   cstackCOMRAM 000013
___flmul@prod                                  cstackCOMRAM 000018
___flmul@sign                                  cstackCOMRAM 000011
___flmul@temp                                  cstackCOMRAM 00001C
___flneg                                       text20       004218
___flneg@f1                                    cstackCOMRAM 000005
___flsub                                       text18       00404A
___flsub@a                                     cstackCOMRAM 000022
___flsub@b                                     cstackCOMRAM 00001E
___fltol                                       text17       0030B6
___fltol@exp1                                  cstackCOMRAM 00000E
___fltol@f1                                    cstackCOMRAM 000005
___fltol@sign1                                 cstackCOMRAM 00000D
___fpclassifyf                                 text16       0032C0
___fpclassifyf@F465                            bssBANK0     0000A0
___fpclassifyf@e                               cstackCOMRAM 00000D
___fpclassifyf@u                               cstackCOMRAM 00000F
___fpclassifyf@x                               cstackCOMRAM 000005
___inthi_sp                                    stack        000000
___intlo_sp                                    stack        000000
___param_bank                                  (abs)        000000
___rparam_used                                 (abs)        000001
___sp                                          stack        000000
___xxtofl                                      text31       002F02
___xxtofl@arg                                  cstackCOMRAM 00000F
___xxtofl@exp                                  cstackCOMRAM 00000E
___xxtofl@sign                                 cstackCOMRAM 00000D
___xxtofl@val                                  cstackCOMRAM 000005
__accesstop                                    (abs)        000060
__activetblptr                                 (abs)        000003
__end_of_EUSART_DefaultErrorHandler            text97       004612
__end_of_EUSART_DefaultFramingErrorHandler     text96       004644
__end_of_EUSART_DefaultOverrunErrorHandler     text95       00460C
__end_of_EUSART_Initialize                     text86       003CBC
__end_of_EUSART_Receive_ISR                    text94       0037A6
__end_of_EUSART_RxDataHandler                  text98       00441E
__end_of_EUSART_SetErrorHandler                text91       0045B2
__end_of_EUSART_SetFramingErrorHandler         text90       0045A8
__end_of_EUSART_SetOverrunErrorHandler         text89       00459E
__end_of_EUSART_SetRxInterruptHandler          text88       004594
__end_of_EUSART_SetTxInterruptHandler          text87       00458A
__end_of_EUSART_Transmit_ISR                   text93       0041A0
__end_of_EUSART_Write                          text14       00404A
__end_of_I2C_CallbackReturnReset               text64       004622
__end_of_I2C_CallbackReturnStop                text65       004626
__end_of_I2C_Close                             text77       0043F4
__end_of_I2C_DO_ADDRESS_NACK                   text41       003E6E
__end_of_I2C_DO_IDLE                           text55       00456C
__end_of_I2C_DO_RCEN                           text50       004560
__end_of_I2C_DO_RESET                          text42       004554
__end_of_I2C_DO_RX                             text51       0039A6
__end_of_I2C_DO_RX_ACK                         text45       0045D2
__end_of_I2C_DO_RX_NACK_RESTART                text43       0045C2
__end_of_I2C_DO_RX_NACK_STOP                   text44       0045CA
__end_of_I2C_DO_SEND_ADR_READ                  text54       004548
__end_of_I2C_DO_SEND_ADR_WRITE                 text53       004538
__end_of_I2C_DO_SEND_RESTART                   text47       0045E2
__end_of_I2C_DO_SEND_RESTART_READ              text49       0045F2
__end_of_I2C_DO_SEND_RESTART_WRITE             text48       0045EA
__end_of_I2C_DO_SEND_STOP                      text46       0045DA
__end_of_I2C_DO_TX                             text52       0036E8
__end_of_I2C_DO_TX_EMPTY                       text56       003BCC
__end_of_I2C_Initialize                        text85       004518
__end_of_I2C_MasterClearIrq                    text80       00463E
__end_of_I2C_MasterClose                       text79       00463A
__end_of_I2C_MasterDisableIrq                  text78       004636
__end_of_I2C_MasterEnableRestart               text75       00462E
__end_of_I2C_MasterFsm                         text40       003D2C
__end_of_I2C_MasterGetRxData                   text61       00461A
__end_of_I2C_MasterIsNack                      text58       004504
__end_of_I2C_MasterOpen                        text35       00448C
__end_of_I2C_MasterOperation                   text37       00415E
__end_of_I2C_MasterSendAck                     text60       004600
__end_of_I2C_MasterSendNack                    text62       004606
__end_of_I2C_MasterSendTxData                  text59       0045FA
__end_of_I2C_MasterSetIrq                      text57       004616
__end_of_I2C_MasterStart                       text76       004632
__end_of_I2C_MasterStartRx                     text63       00461E
__end_of_I2C_MasterStop                        text74       00462A
__end_of_I2C_MasterWaitForEvent                text39       004528
__end_of_I2C_MasterWrite                       text36       0045BA
__end_of_I2C_Open                              text34       003ACA
__end_of_I2C_Poller                            text38       0044AA
__end_of_I2C_Read2ByteRegister                 text32       003B50
__end_of_I2C_SetAddressNackCallback            text33       0044C2
__end_of_I2C_SetBuffer                         text73       00446A
__end_of_I2C_SetCallback                       text72       003C46
__end_of_I2C_SetDataCompleteCallback           text71       0044DA
__end_of_I2C_Write1ByteRegister                text29       003E08
__end_of_I2C_Write2ByteRegister                text28       003D9A
__end_of_INTERRUPT_Initialize                  text84       004642
__end_of_INTERRUPT_InterruptManager            intcode      0000B0
__end_of_OSCILLATOR_Initialize                 text83       004580
__end_of_PIN_MANAGER_Initialize                text82       0042EC
__end_of_SYSTEM_Initialize                     text81       0044F0
__end_of_VEML6030_GetValue                     text30       0040D6
__end_of_VEML6030_Init                         text27       0042BC
__end_of___awdiv                               text26       003624
__end_of___awmod                               text25       003856
__end_of___fladd                               text19       0021B0
__end_of___fldiv                               text24       002974
__end_of___fleq                                text23       003900
__end_of___flge                                text22       0032C0
__end_of___flmul                               text21       0025DA
__end_of___flneg                               text20       004250
__end_of___flsub                               text18       004090
__end_of___fltol                               text17       0031BC
__end_of___fpclassifyf                         text16       0033BE
__end_of___xxtofl                              text31       0030B6
__end_of__initialization                       cinit        00430E
__end_of_efgtoa                                text5        001CF0
__end_of_floorf                                text15       002F02
__end_of_fputc                                 text12       003A3C
__end_of_fputs                                 text11       00411A
__end_of_fsmStateTable                         smallconst   001021
__end_of_isupper                               text7        004218
__end_of_main                                  text0        003F34
__end_of_pad                                   text9        003560
__end_of_printf                                text1        004446
__end_of_putch                                 text13       004576
__end_of_rd1RegCompleteHandler                 text69       00439C
__end_of_rd2RegCompleteHandler                 text68       004370
__end_of_rdBlkRegCompleteHandler               text66       0041E0
__end_of_strcpy                                text8        003FF2
__end_of_strlen                                text10       004286
__end_of_strncmp                               text4        00349A
__end_of_tolower                               text6        003F94
__end_of_vfpfcnvrt                             text3        002CF0
__end_of_vfprintf                              text2        003ED2
__end_of_wr1RegCompleteHandler                 text67       004344
__end_of_wr2RegCompleteHandler                 text70       0043C8
__initialization                               cinit        0042EC
__mediumconst                                  mediumconst  000000
__pbssBANK0                                    bssBANK0     000060
__pbssBANK1                                    bssBANK1     000100
__pbssCOMRAM                                   bssCOMRAM    000056
__pcinit                                       cinit        0042EC
__pcstackBANK0                                 cstackBANK0  0000B6
__pcstackBANK1                                 cstackBANK1  000150
__pcstackCOMRAM                                cstackCOMRAM 000001
__pintcode                                     intcode      000008
__pnvBANK0                                     nvBANK0      0000F6
__pnvBANK1                                     nvBANK1      000156
__psmallconst                                  smallconst   001000
__ptext0                                       text0        003ED2
__ptext1                                       text1        00441E
__ptext10                                      text10       004250
__ptext11                                      text11       0040D6
__ptext12                                      text12       0039A6
__ptext13                                      text13       00456C
__ptext14                                      text14       003FF2
__ptext15                                      text15       002CF0
__ptext16                                      text16       0032C0
__ptext17                                      text17       0030B6
__ptext18                                      text18       00404A
__ptext19                                      text19       001CF0
__ptext2                                       text2        003E6E
__ptext20                                      text20       004218
__ptext21                                      text21       0021B0
__ptext22                                      text22       0031BC
__ptext23                                      text23       003856
__ptext24                                      text24       0025DA
__ptext25                                      text25       0037A6
__ptext26                                      text26       003560
__ptext27                                      text27       004286
__ptext28                                      text28       003D2C
__ptext29                                      text29       003D9A
__ptext3                                       text3        002974
__ptext30                                      text30       004090
__ptext31                                      text31       002F02
__ptext32                                      text32       003ACA
__ptext33                                      text33       0044AA
__ptext34                                      text34       003A3C
__ptext35                                      text35       00446A
__ptext36                                      text36       0045B2
__ptext37                                      text37       00411A
__ptext38                                      text38       00448C
__ptext39                                      text39       004518
__ptext4                                       text4        0033BE
__ptext40                                      text40       003CBC
__ptext41                                      text41       003E08
__ptext42                                      text42       004548
__ptext43                                      text43       0045BA
__ptext44                                      text44       0045C2
__ptext45                                      text45       0045CA
__ptext46                                      text46       0045D2
__ptext47                                      text47       0045DA
__ptext48                                      text48       0045E2
__ptext49                                      text49       0045EA
__ptext5                                       text5        00104A
__ptext50                                      text50       004554
__ptext51                                      text51       003900
__ptext52                                      text52       003624
__ptext53                                      text53       004528
__ptext54                                      text54       004538
__ptext55                                      text55       004560
__ptext56                                      text56       003B50
__ptext57                                      text57       004612
__ptext58                                      text58       0044F0
__ptext59                                      text59       0045F2
__ptext6                                       text6        003F34
__ptext60                                      text60       0045FA
__ptext61                                      text61       004616
__ptext62                                      text62       004600
__ptext63                                      text63       00461A
__ptext64                                      text64       00461E
__ptext65                                      text65       004622
__ptext66                                      text66       0041A0
__ptext67                                      text67       004318
__ptext68                                      text68       004344
__ptext69                                      text69       004370
__ptext7                                       text7        0041E0
__ptext70                                      text70       00439C
__ptext71                                      text71       0044C2
__ptext72                                      text72       003BCC
__ptext73                                      text73       004446
__ptext74                                      text74       004626
__ptext75                                      text75       00462A
__ptext76                                      text76       00462E
__ptext77                                      text77       0043C8
__ptext78                                      text78       004632
__ptext79                                      text79       004636
__ptext8                                       text8        003F94
__ptext80                                      text80       00463A
__ptext81                                      text81       0044DA
__ptext82                                      text82       0042BC
__ptext83                                      text83       004576
__ptext84                                      text84       00463E
__ptext85                                      text85       004504
__ptext86                                      text86       003C46
__ptext87                                      text87       004580
__ptext88                                      text88       00458A
__ptext89                                      text89       004594
[...]
__size_of_efgtoa                               (abs)        000000
__size_of_floorf                               (abs)        000000
__size_of_fputc                                (abs)        000000
__size_of_fputs                                (abs)        000000
__size_of_isupper                              (abs)        000000
__size_of_main                                 (abs)        000000
__size_of_pad                                  (abs)        000000
__size_of_printf                               (abs)        000000
__size_of_putch                                (abs)        000000
__size_of_rd1RegCompleteHandler                (abs)        000000
__size_of_rd2RegCompleteHandler                (abs)        000000
__size_of_rdBlkRegCompleteHandler              (abs)        000000
__size_of_strcpy                               (abs)        000000
__size_of_strlen                               (abs)        000000
__size_of_strncmp                              (abs)        000000
__size_of_tolower                              (abs)        000000
__size_of_vfpfcnvrt                            (abs)        000000
__size_of_vfprintf                             (abs)        000000
__size_of_wr1RegCompleteHandler                (abs)        000000
__size_of_wr2RegCompleteHandler                (abs)        000000
__smallconst                                   smallconst   001000
_dbuf                                          bssBANK1     000100
_efgtoa                                        text5        00104A
_efgtoa$2087                                   cstackBANK0  0000B6
_efgtoa$2088                                   cstackBANK0  0000B8
_efgtoa$2093                                   cstackBANK0  0000BA
_efgtoa$2097                                   cstackBANK0  0000BC
_efgtoa$2098                                   cstackBANK0  0000BE
_efgtoa$2099                                   cstackBANK0  0000C0
_eusartRxBuffer                                bssBANK0     00008C
_eusartRxCount                                 bssCOMRAM    000056
_eusartRxHead                                  bssCOMRAM    000058
_eusartRxLastError                             bssBANK0     0000B5
_eusartRxStatusBuffer                          bssBANK0     000084
_eusartRxTail                                  bssCOMRAM    000057
_eusartTxBuffer                                bssBANK0     000094
_eusartTxBufferRemaining                       nvBANK0      0000FC
_eusartTxHead                                  bssCOMRAM    00005A
_eusartTxTail                                  bssCOMRAM    000059
_flags                                         bssBANK0     0000B1
_floorf                                        text15       002CF0
_fputc                                         text12       0039A6
_fputs                                         text11       0040D6
_fsmStateTable                                 smallconst   001001
_isupper                                       text7        0041E0
_light                                         bssBANK0     0000A4
_main                                          text0        003ED2
_nout                                          bssBANK0     0000AB
_pad                                           text9        00349A
_prec                                          bssBANK0     0000AF
_printf                                        text1        00441E
_putch                                         text13       00456C
_rd1RegCompleteHandler                         text69       004370
_rd2RegCompleteHandler                         text68       004344
_rdBlkRegCompleteHandler                       text66       0041A0
_readBuffer                                    bssBANK0     0000B3
_strcpy                                        text8        003F94
_strlen                                        text10       004250
_strncmp                                       text4        0033BE
_tolower                                       text6        003F34
_tolower$2207                                  cstackCOMRAM 000011
_vfpfcnvrt                                     text3        002974
_vfpfcnvrt$2116                                cstackCOMRAM 000048
_vfprintf                                      text2        003E6E
_width                                         bssBANK0     0000AD
_wr1RegCompleteHandler                         text67       004318
_wr2RegCompleteHandler                         text70       00439C
_writeBuffer                                   bssBANK0     0000A8
btemp                                          temp         00005B
efgtoa@c                                       cstackCOMRAM 000038
efgtoa@d                                       cstackBANK0  0000CE
efgtoa@e                                       cstackBANK0  0000E6
efgtoa@f                                       cstackCOMRAM 000034
efgtoa@fp                                      cstackCOMRAM 000032
efgtoa@g                                       cstackBANK0  0000E2
efgtoa@h                                       cstackBANK0  0000D8
efgtoa@i                                       cstackBANK0  0000E0
efgtoa@l                                       cstackBANK0  0000DC
efgtoa@m                                       cstackBANK0  0000C8
efgtoa@mode                                    cstackBANK0  0000D7
efgtoa@n                                       cstackBANK0  0000E8
efgtoa@ne                                      cstackBANK0  0000C6
efgtoa@nmode                                   cstackBANK0  0000D6
efgtoa@ou                                      cstackBANK0  0000CA
efgtoa@p                                       cstackBANK0  0000D2
efgtoa@pp                                      cstackBANK0  0000C4
efgtoa@sign                                    cstackBANK0  0000D0
efgtoa@t                                       cstackBANK0  0000C2
efgtoa@u                                       cstackBANK0  0000EA
efgtoa@w                                       cstackBANK0  0000D4
end_of_initialization                          cinit        00430E
floorf@F527                                    bssBANK0     00009C
floorf@e                                       cstackCOMRAM 00002C
floorf@m                                       cstackCOMRAM 000028
floorf@u                                       cstackCOMRAM 00002E
floorf@x                                       cstackCOMRAM 00001E
fputc@c                                        cstackCOMRAM 000007
fputc@fp                                       cstackCOMRAM 000009
fputs@c                                        cstackCOMRAM 000014
fputs@fp                                       cstackCOMRAM 000012
fputs@i                                        cstackCOMRAM 000015
fputs@s                                        cstackCOMRAM 000010
int$flags                                      temp         00005B
intlevel0                                      text         000000
intlevel1                                      text         000000
intlevel2                                      text         000000
intlevel3                                      text         000000
isa$std                                        (abs)        000001
isa$xinst                                      (abs)        000000
isupper@c                                      cstackCOMRAM 000005
pad@buf                                        cstackCOMRAM 000019
pad@fp                                         cstackCOMRAM 000017
pad@i                                          cstackCOMRAM 00001E
pad@p                                          cstackCOMRAM 00001B
pad@w                                          cstackCOMRAM 000020
printf@ap                                      cstackCOMRAM 000054
printf@fmt                                     cstackBANK1  000150
putch@txData                                   cstackCOMRAM 000006
rd1RegCompleteHandler@ptr                      cstackCOMRAM 00000E
rd2RegCompleteHandler@ptr                      cstackCOMRAM 00000E
rdBlkRegCompleteHandler@ptr                    cstackCOMRAM 00000E
stackhi                                        (abs)        000F5F
stacklo                                        (abs)        00015A
start                                          init         0000B0
start_initialization                           cinit        0042EC
strcpy@d                                       cstackCOMRAM 00000D
strcpy@dest                                    cstackCOMRAM 000005
strcpy@s                                       cstackCOMRAM 00000B
strcpy@src                                     cstackCOMRAM 000007
strlen@a                                       cstackCOMRAM 000007
strlen@s                                       cstackCOMRAM 000005
strncmp@_l                                     cstackCOMRAM 000005
strncmp@_r                                     cstackCOMRAM 000007
strncmp@l                                      cstackCOMRAM 00000C
strncmp@n                                      cstackCOMRAM 000009
strncmp@r                                      cstackCOMRAM 00000E
tolower@c                                      cstackCOMRAM 00000B
ttemp5                                         temp         00005C
ttemp6                                         temp         00005F
ttemp7                                         temp         000063
vfpfcnvrt@ap                                   cstackCOMRAM 000042
vfpfcnvrt@c                                    cstackCOMRAM 000051
vfpfcnvrt@ct                                   cstackCOMRAM 00004E
vfpfcnvrt@f                                    cstackCOMRAM 00004A
vfpfcnvrt@fmt                                  cstackCOMRAM 000040
vfpfcnvrt@fp                                   cstackCOMRAM 00003E
vfprintf@ap                                    cstackBANK0  0000F2
vfprintf@cfmt                                  cstackCOMRAM 000052
vfprintf@fmt                                   cstackBANK0  0000F0
vfprintf@fp                                    cstackBANK0  0000EE
wr1RegCompleteHandler@ptr                      cstackCOMRAM 00000E
wr2RegCompleteHandler@ptr                      cstackCOMRAM 00000E
wtemp8                                         temp         00005C


MODULE INFORMATION

Module		Function		Class		Link	Load	Size
C:\Program Files\Microchip\xc8\v2.32\pic\sources\c99\common\awdiv.c
		___awdiv       		CODE           	3560	0000	196

C:\Program Files\Microchip\xc8\v2.32\pic\sources\c99\common\awdiv.c estimated size: 196

C:\Program Files\Microchip\xc8\v2.32\pic\sources\c99\common\sprcadd.c
		___flsub       		CODE           	404A	0000	70
		___fladd       		CODE           	1CF0	0000	1216

C:\Program Files\Microchip\xc8\v2.32\pic\sources\c99\common\sprcadd.c estimated size: 1286

C:\Program Files\Microchip\xc8\v2.32\pic\sources\c99\common\doprnt.c
		_vfpfcnvrt     		CODE           	2974	0000	892
		_efgtoa        		CODE           	104A	0000	3238
		_pad           		CODE           	349A	0000	198
		_vfprintf      		CODE           	3E6E	0000	100

C:\Program Files\Microchip\xc8\v2.32\pic\sources\c99\common\doprnt.c estimated size: 4428

C:\Program Files\Microchip\xc8\v2.32\pic\sources\c99\common\flneg.c
		___flneg       		CODE           	4218	0000	56

C:\Program Files\Microchip\xc8\v2.32\pic\sources\c99\common\flneg.c estimated size: 56

mcc_generated_files/interrupt_manager.c
		_INTERRUPT_Initialize		CODE           	463E	0000	4
		_INTERRUPT_InterruptManager		CODE           	0008	0000	168

mcc_generated_files/interrupt_manager.c estimated size: 172

mcc_generated_files/examples/i2c_master_example.c
		_wr1RegCompleteHandler		CODE           	4318	0000	44
		_wr2RegCompleteHandler		CODE           	439C	0000	44
		_I2C_Write1ByteRegister		CODE           	3D9A	0000	110
		_I2C_Write2ByteRegister		CODE           	3D2C	0000	110
		_I2C_Read2ByteRegister		CODE           	3ACA	0000	134
		_rdBlkRegCompleteHandler		CODE           	41A0	0000	64
		_rd1RegCompleteHandler		CODE           	4370	0000	44
		_rd2RegCompleteHandler		CODE           	4344	0000	44

mcc_generated_files/examples/i2c_master_example.c estimated size: 594

mcc_generated_files/pin_manager.c
		_PIN_MANAGER_Initialize		CODE           	42BC	0000	48

mcc_generated_files/pin_manager.c estimated size: 48

C:\Program Files\Microchip\xc8\v2.32\pic\sources\c99\common\nf_fputs.c
		_fputs         		CODE           	40D6	0000	68

C:\Program Files\Microchip\xc8\v2.32\pic\sources\c99\common\nf_fputs.c estimated size: 68

C:\Program Files\Microchip\xc8\v2.32\pic\sources\c99\common\fleq.c
		___fleq        		CODE           	3856	0000	170

C:\Program Files\Microchip\xc8\v2.32\pic\sources\c99\common\fleq.c estimated size: 170

C:\Program Files\Microchip\xc8\v2.32\pic\sources\c99\common\__fpclassifyf.c
		___fpclassifyf 		CODE           	32C0	0000	254

C:\Program Files\Microchip\xc8\v2.32\pic\sources\c99\common\__fpclassifyf.c estimated size: 254

C:\Program Files\Microchip\xc8\v2.32\pic\sources\c99\common\isupper.c
		_isupper       		CODE           	41E0	0000	56

C:\Program Files\Microchip\xc8\v2.32\pic\sources\c99\common\isupper.c estimated size: 56

C:\Program Files\Microchip\xc8\v2.32\pic\sources\c99\common\strncmp.c
		_strncmp       		CODE           	33BE	0000	220

C:\Program Files\Microchip\xc8\v2.32\pic\sources\c99\common\strncmp.c estimated size: 220

C:\Program Files\Microchip\xc8\v2.32\pic\sources\c99\common\tolower.c
		_tolower       		CODE           	3F34	0000	96

C:\Program Files\Microchip\xc8\v2.32\pic\sources\c99\common\tolower.c estimated size: 96

shared
		__initialization		CODE           	42EC	0000	34
		_fsmStateTable 		SMALLCONST     	1001	0000	32

shared estimated size: 66

C:\Program Files\Microchip\xc8\v2.32\pic\sources\c99\common\sprcmul.c
		___flmul       		CODE           	21B0	0000	1066

C:\Program Files\Microchip\xc8\v2.32\pic\sources\c99\common\sprcmul.c estimated size: 1066

C:\Program Files\Microchip\xc8\v2.32\pic\sources\c99\common\awmod.c
		___awmod       		CODE           	37A6	0000	176

C:\Program Files\Microchip\xc8\v2.32\pic\sources\c99\common\awmod.c estimated size: 176

mcc_generated_files/mcc.c
		_OSCILLATOR_Initialize		CODE           	4576	0000	10
		_SYSTEM_Initialize		CODE           	44DA	0000	22

mcc_generated_files/mcc.c estimated size: 32

C:\Program Files\Microchip\xc8\v2.32\pic\sources\c99\common\sprcdiv.c
		___fldiv       		CODE           	25DA	0000	922

C:\Program Files\Microchip\xc8\v2.32\pic\sources\c99\common\sprcdiv.c estimated size: 922

C:\Program Files\Microchip\xc8\v2.32\pic\sources\c99\common\fltol.c
		___fltol       		CODE           	30B6	0000	262

C:\Program Files\Microchip\xc8\v2.32\pic\sources\c99\common\fltol.c estimated size: 262

mcc_generated_files/i2c_master.c
		_I2C_Close     		CODE           	43C8	0000	44
		_I2C_MasterStartRx		CODE           	461A	0000	4
		_I2C_DO_SEND_ADR_WRITE		CODE           	4528	0000	16
		_I2C_MasterWaitForEvent		CODE           	4518	0000	16
		_I2C_DO_SEND_STOP		CODE           	45D2	0000	8
		_I2C_MasterSendNack		CODE           	4600	0000	6
		_I2C_MasterDisableIrq		CODE           	4632	0000	4
		_I2C_CallbackReturnStop		CODE           	4622	0000	4
		_I2C_MasterOperation		CODE           	411A	0000	68
		_I2C_DO_SEND_ADR_READ		CODE           	4538	0000	16
		_I2C_DO_RX_NACK_STOP		CODE           	45C2	0000	8
		_I2C_DO_SEND_RESTART		CODE           	45DA	0000	8
		_I2C_DO_RX     		CODE           	3900	0000	166
		_I2C_DO_TX     		CODE           	3624	0000	196
		_I2C_DO_IDLE   		CODE           	4560	0000	12
		_I2C_DO_RCEN   		CODE           	4554	0000	12
		_I2C_Poller    		CODE           	448C	0000	30
		_I2C_DO_RESET  		CODE           	4548	0000	12
		_I2C_MasterClose		CODE           	4636	0000	4
		_I2C_MasterWrite		CODE           	45B2	0000	8
		_I2C_DO_RX_ACK 		CODE           	45CA	0000	8
		_I2C_MasterStart		CODE           	462E	0000	4
		_I2C_MasterClearIrq		CODE           	463A	0000	4
		_I2C_MasterGetRxData		CODE           	4616	0000	4
		_I2C_SetCallback		CODE           	3BCC	0000	122
		_I2C_DO_ADDRESS_NACK		CODE           	3E08	0000	102
		_I2C_MasterEnableRestart		CODE           	462A	0000	4
		_I2C_CallbackReturnReset		CODE           	461E	0000	4
		_I2C_Open      		CODE           	3A3C	0000	142
		_I2C_SetAddressNackCallback		CODE           	44AA	0000	24
		_I2C_DO_TX_EMPTY		CODE           	3B50	0000	124
		_I2C_DO_SEND_RESTART_WRITE		CODE           	45E2	0000	8
		_I2C_MasterIsNack		CODE           	44F0	0000	20
		_I2C_SetDataCompleteCallback		CODE           	44C2	0000	24
		_I2C_DO_RX_NACK_RESTART		CODE           	45BA	0000	8
		_I2C_MasterSendAck		CODE           	45FA	0000	6
		_I2C_MasterFsm 		CODE           	3CBC	0000	112
		_I2C_MasterSetIrq		CODE           	4612	0000	4
		_I2C_DO_SEND_RESTART_READ		CODE           	45EA	0000	8
		_I2C_Initialize		CODE           	4504	0000	20
		_I2C_SetBuffer 		CODE           	4446	0000	36
		_I2C_MasterOpen		CODE           	446A	0000	34
		_I2C_MasterSendTxData		CODE           	45F2	0000	8
		_I2C_MasterStop		CODE           	4626	0000	4

mcc_generated_files/i2c_master.c estimated size: 1476

veml6030.c
		_VEML6030_Init 		CODE           	4286	0000	54
		_VEML6030_GetValue		CODE           	4090	0000	70

veml6030.c estimated size: 124

C:\Program Files\Microchip\xc8\v2.32\pic\sources\c99\common\xxtofl.c
		___xxtofl      		CODE           	2F02	0000	436

C:\Program Files\Microchip\xc8\v2.32\pic\sources\c99\common\xxtofl.c estimated size: 436

C:\Program Files\Microchip\xc8\v2.32\pic\sources\c99\common\printf.c
		_printf        		CODE           	441E	0000	40

C:\Program Files\Microchip\xc8\v2.32\pic\sources\c99\common\printf.c estimated size: 40

C:\Program Files\Microchip\xc8\v2.32\pic\sources\c99\common\nf_fputc.c
		_fputc         		CODE           	39A6	0000	150

C:\Program Files\Microchip\xc8\v2.32\pic\sources\c99\common\nf_fputc.c estimated size: 150

mcc_generated_files/eusart.c
		_EUSART_SetRxInterruptHandler		CODE           	458A	0000	10
		_EUSART_SetTxInterruptHandler		CODE           	4580	0000	10
		_putch         		CODE           	456C	0000	10
		_EUSART_DefaultOverrunErrorHandler		CODE           	4606	0000	6
		_EUSART_Write  		CODE           	3FF2	0000	88
		_EUSART_DefaultErrorHandler		CODE           	460C	0000	6
		_EUSART_Transmit_ISR		CODE           	415E	0000	66
		_EUSART_Initialize		CODE           	3C46	0000	118
		_EUSART_SetFramingErrorHandler		CODE           	459E	0000	10
		_EUSART_SetErrorHandler		CODE           	45A8	0000	10
		_EUSART_SetOverrunErrorHandler		CODE           	4594	0000	10
		_EUSART_Receive_ISR		CODE           	36E8	0000	190
		_EUSART_RxDataHandler		CODE           	43F4	0000	42
		_EUSART_DefaultFramingErrorHandler		CODE           	4642	0000	2

mcc_generated_files/eusart.c estimated size: 578

main.c
		_main          		CODE           	3ED2	0000	98

main.c estimated size: 98

C:\Program Files\Microchip\xc8\v2.32\pic\sources\c99\common\strlen.c
		_strlen        		CODE           	4250	0000	54

C:\Program Files\Microchip\xc8\v2.32\pic\sources\c99\common\strlen.c estimated size: 54

C:\Program Files\Microchip\xc8\v2.32\pic\sources\c99\common\flge.c
		___flge        		CODE           	31BC	0000	260

C:\Program Files\Microchip\xc8\v2.32\pic\sources\c99\common\flge.c estimated size: 260

C:\Program Files\Microchip\xc8\v2.32\pic\sources\c99\common\floorf.c
		_floorf        		CODE           	2CF0	0000	530

C:\Program Files\Microchip\xc8\v2.32\pic\sources\c99\common\floorf.c estimated size: 530

C:\Program Files\Microchip\xc8\v2.32\pic\sources\c99\common\strcpy.c
		_strcpy        		CODE           	3F94	0000	94

C:\Program Files\Microchip\xc8\v2.32\pic\sources\c99\common\strcpy.c estimated size: 94

